Archive member included to satisfy reference by file (symbol)

c:/program files (x86)/atollic/truestudio for stm32 9.0.1/armtools/bin/../lib/gcc/arm-atollic-eabi/6.3.1/../../../../arm-atollic-eabi/lib/armv7e-m/fpu\libc_nano.a(lib_a-init.o)
                              startup\startup_stm32f334x8.o (__libc_init_array)
c:/program files (x86)/atollic/truestudio for stm32 9.0.1/armtools/bin/../lib/gcc/arm-atollic-eabi/6.3.1/../../../../arm-atollic-eabi/lib/armv7e-m/fpu\libc_nano.a(lib_a-memset.o)
                              Src\main.o (memset)
c:/program files (x86)/atollic/truestudio for stm32 9.0.1/armtools/bin/../lib/gcc/arm-atollic-eabi/6.3.1/../../../../arm-atollic-eabi/lib/armv7e-m/fpu\libc_nano.a(lib_a-nano-vfprintf_float.o)
                              (_printf_float)
c:/program files (x86)/atollic/truestudio for stm32 9.0.1/armtools/bin/../lib/gcc/arm-atollic-eabi/6.3.1/../../../../arm-atollic-eabi/lib/armv7e-m/fpu\libc_nano.a(lib_a-nano-vfprintf_i.o)
                              c:/program files (x86)/atollic/truestudio for stm32 9.0.1/armtools/bin/../lib/gcc/arm-atollic-eabi/6.3.1/../../../../arm-atollic-eabi/lib/armv7e-m/fpu\libc_nano.a(lib_a-nano-vfprintf_float.o) (_printf_common)
c:/program files (x86)/atollic/truestudio for stm32 9.0.1/armtools/bin/../lib/gcc/arm-atollic-eabi/6.3.1/../../../../arm-atollic-eabi/lib/armv7e-m/fpu\libc_nano.a(lib_a-strlen.o)
                              c:/program files (x86)/atollic/truestudio for stm32 9.0.1/armtools/bin/../lib/gcc/arm-atollic-eabi/6.3.1/../../../../arm-atollic-eabi/lib/armv7e-m/fpu\libc_nano.a(lib_a-nano-vfprintf_float.o) (strlen)
c:/program files (x86)/atollic/truestudio for stm32 9.0.1/armtools/bin/../lib/gcc/arm-atollic-eabi/6.3.1/../../../../arm-atollic-eabi/lib/armv7e-m/fpu\libc_nano.a(lib_a-dtoa.o)
                              c:/program files (x86)/atollic/truestudio for stm32 9.0.1/armtools/bin/../lib/gcc/arm-atollic-eabi/6.3.1/../../../../arm-atollic-eabi/lib/armv7e-m/fpu\libc_nano.a(lib_a-nano-vfprintf_float.o) (_dtoa_r)
c:/program files (x86)/atollic/truestudio for stm32 9.0.1/armtools/bin/../lib/gcc/arm-atollic-eabi/6.3.1/../../../../arm-atollic-eabi/lib/armv7e-m/fpu\libc_nano.a(lib_a-localeconv.o)
                              c:/program files (x86)/atollic/truestudio for stm32 9.0.1/armtools/bin/../lib/gcc/arm-atollic-eabi/6.3.1/../../../../arm-atollic-eabi/lib/armv7e-m/fpu\libc_nano.a(lib_a-nano-vfprintf_float.o) (_localeconv_r)
c:/program files (x86)/atollic/truestudio for stm32 9.0.1/armtools/bin/../lib/gcc/arm-atollic-eabi/6.3.1/../../../../arm-atollic-eabi/lib/armv7e-m/fpu\libc_nano.a(lib_a-malloc.o)
                              c:/program files (x86)/atollic/truestudio for stm32 9.0.1/armtools/bin/../lib/gcc/arm-atollic-eabi/6.3.1/../../../../arm-atollic-eabi/lib/armv7e-m/fpu\libc_nano.a(lib_a-dtoa.o) (malloc)
c:/program files (x86)/atollic/truestudio for stm32 9.0.1/armtools/bin/../lib/gcc/arm-atollic-eabi/6.3.1/../../../../arm-atollic-eabi/lib/armv7e-m/fpu\libc_nano.a(lib_a-memchr.o)
                              c:/program files (x86)/atollic/truestudio for stm32 9.0.1/armtools/bin/../lib/gcc/arm-atollic-eabi/6.3.1/../../../../arm-atollic-eabi/lib/armv7e-m/fpu\libc_nano.a(lib_a-nano-vfprintf_i.o) (memchr)
c:/program files (x86)/atollic/truestudio for stm32 9.0.1/armtools/bin/../lib/gcc/arm-atollic-eabi/6.3.1/../../../../arm-atollic-eabi/lib/armv7e-m/fpu\libc_nano.a(lib_a-memcpy-stub.o)
                              c:/program files (x86)/atollic/truestudio for stm32 9.0.1/armtools/bin/../lib/gcc/arm-atollic-eabi/6.3.1/../../../../arm-atollic-eabi/lib/armv7e-m/fpu\libc_nano.a(lib_a-dtoa.o) (memcpy)
c:/program files (x86)/atollic/truestudio for stm32 9.0.1/armtools/bin/../lib/gcc/arm-atollic-eabi/6.3.1/../../../../arm-atollic-eabi/lib/armv7e-m/fpu\libc_nano.a(lib_a-mprec.o)
                              c:/program files (x86)/atollic/truestudio for stm32 9.0.1/armtools/bin/../lib/gcc/arm-atollic-eabi/6.3.1/../../../../arm-atollic-eabi/lib/armv7e-m/fpu\libc_nano.a(lib_a-dtoa.o) (_Balloc)
c:/program files (x86)/atollic/truestudio for stm32 9.0.1/armtools/bin/../lib/gcc/arm-atollic-eabi/6.3.1/../../../../arm-atollic-eabi/lib/armv7e-m/fpu\libc_nano.a(lib_a-nano-callocr.o)
                              c:/program files (x86)/atollic/truestudio for stm32 9.0.1/armtools/bin/../lib/gcc/arm-atollic-eabi/6.3.1/../../../../arm-atollic-eabi/lib/armv7e-m/fpu\libc_nano.a(lib_a-mprec.o) (_calloc_r)
c:/program files (x86)/atollic/truestudio for stm32 9.0.1/armtools/bin/../lib/gcc/arm-atollic-eabi/6.3.1/../../../../arm-atollic-eabi/lib/armv7e-m/fpu\libc_nano.a(lib_a-nano-freer.o)
                              c:/program files (x86)/atollic/truestudio for stm32 9.0.1/armtools/bin/../lib/gcc/arm-atollic-eabi/6.3.1/../../../../arm-atollic-eabi/lib/armv7e-m/fpu\libc_nano.a(lib_a-malloc.o) (_free_r)
[...]
Memory Configuration

Name             Origin             Length             Attributes
RAM              0x20000000         0x00003000         xrw
CCMRAM           0x10000000         0x00001000         rw
FLASH            0x08000000         0x00010000         xr
*default*        0x00000000         0xffffffff

Linker script and memory map

LOAD c:/program files (x86)/atollic/truestudio for stm32 9.0.1/armtools/bin/../lib/gcc/arm-atollic-eabi/6.3.1/armv7e-m/fpu/crti.o
LOAD c:/program files (x86)/atollic/truestudio for stm32 9.0.1/armtools/bin/../lib/gcc/arm-atollic-eabi/6.3.1/armv7e-m/fpu/crtbegin.o
LOAD Drivers\STM32F3xx_HAL_Driver\Src\stm32f3xx_hal.o
LOAD Drivers\STM32F3xx_HAL_Driver\Src\stm32f3xx_hal_adc.o
LOAD Drivers\STM32F3xx_HAL_Driver\Src\stm32f3xx_hal_adc_ex.o
LOAD Drivers\STM32F3xx_HAL_Driver\Src\stm32f3xx_hal_cortex.o
LOAD Drivers\STM32F3xx_HAL_Driver\Src\stm32f3xx_hal_dma.o
LOAD Drivers\STM32F3xx_HAL_Driver\Src\stm32f3xx_hal_flash.o
LOAD Drivers\STM32F3xx_HAL_Driver\Src\stm32f3xx_hal_flash_ex.o
LOAD Drivers\STM32F3xx_HAL_Driver\Src\stm32f3xx_hal_gpio.o
LOAD Drivers\STM32F3xx_HAL_Driver\Src\stm32f3xx_hal_i2c.o
LOAD Drivers\STM32F3xx_HAL_Driver\Src\stm32f3xx_hal_i2c_ex.o
LOAD Drivers\STM32F3xx_HAL_Driver\Src\stm32f3xx_hal_pwr.o
LOAD Drivers\STM32F3xx_HAL_Driver\Src\stm32f3xx_hal_pwr_ex.o
LOAD Drivers\STM32F3xx_HAL_Driver\Src\stm32f3xx_hal_rcc.o
LOAD Drivers\STM32F3xx_HAL_Driver\Src\stm32f3xx_hal_rcc_ex.o
LOAD Drivers\STM32F3xx_HAL_Driver\Src\stm32f3xx_hal_tim.o
LOAD Drivers\STM32F3xx_HAL_Driver\Src\stm32f3xx_hal_tim_ex.o
LOAD Drivers\STM32F3xx_HAL_Driver\Src\stm32f3xx_hal_uart.o
LOAD Drivers\STM32F3xx_HAL_Driver\Src\stm32f3xx_hal_uart_ex.o
LOAD Src\adc.o
LOAD Src\dma.o
LOAD Src\gpio.o
LOAD Src\i2c.o
LOAD Src\main.o
LOAD Src\stm32f3xx_hal_msp.o
LOAD Src\stm32f3xx_it.o
LOAD Src\system_stm32f3xx.o
LOAD Src\tim.o
LOAD Src\usart.o
LOAD startup\startup_stm32f334x8.o
                0x00000080                malloc_getpagesize_P = 0x80
START GROUP
LOAD c:/program files (x86)/atollic/truestudio for stm32 9.0.1/armtools/bin/../lib/gcc/arm-atollic-eabi/6.3.1/../../../../arm-atollic-eabi/lib/armv7e-m/fpu\libc_nano.a
LOAD c:/program files (x86)/atollic/truestudio for stm32 9.0.1/armtools/bin/../lib/gcc/arm-atollic-eabi/6.3.1/../../../../arm-atollic-eabi/lib/armv7e-m/fpu\libm.a
END GROUP
START GROUP
LOAD c:/program files (x86)/atollic/truestudio for stm32 9.0.1/armtools/bin/../lib/gcc/arm-atollic-eabi/6.3.1/armv7e-m/fpu\libgcc.a
LOAD c:/program files (x86)/atollic/truestudio for stm32 9.0.1/armtools/bin/../lib/gcc/arm-atollic-eabi/6.3.1/../../../../arm-atollic-eabi/lib/armv7e-m/fpu\libc_nano.a
END GROUP
START GROUP
LOAD c:/program files (x86)/atollic/truestudio for stm32 9.0.1/armtools/bin/../lib/gcc/arm-atollic-eabi/6.3.1/armv7e-m/fpu\libgcc.a
LOAD c:/program files (x86)/atollic/truestudio for stm32 9.0.1/armtools/bin/../lib/gcc/arm-atollic-eabi/6.3.1/../../../../arm-atollic-eabi/lib/armv7e-m/fpu\libc_nano.a
LOAD c:/program files (x86)/atollic/truestudio for stm32 9.0.1/armtools/bin/../lib/gcc/arm-atollic-eabi/6.3.1/../../../../arm-atollic-eabi/lib/armv7e-m/fpu\libnosys.a
END GROUP
START GROUP
LOAD c:/program files (x86)/atollic/truestudio for stm32 9.0.1/armtools/bin/../lib/gcc/arm-atollic-eabi/6.3.1/armv7e-m/fpu\libgcc.a
LOAD c:/program files (x86)/atollic/truestudio for stm32 9.0.1/armtools/bin/../lib/gcc/arm-atollic-eabi/6.3.1/../../../../arm-atollic-eabi/lib/armv7e-m/fpu\libc_nano.a
LOAD c:/program files (x86)/atollic/truestudio for stm32 9.0.1/armtools/bin/../lib/gcc/arm-atollic-eabi/6.3.1/../../../../arm-atollic-eabi/lib/armv7e-m/fpu\libnosys.a
END GROUP
LOAD c:/program files (x86)/atollic/truestudio for stm32 9.0.1/armtools/bin/../lib/gcc/arm-atollic-eabi/6.3.1/armv7e-m/fpu/crtend.o
LOAD c:/program files (x86)/atollic/truestudio for stm32 9.0.1/armtools/bin/../lib/gcc/arm-atollic-eabi/6.3.1/armv7e-m/fpu/crtn.o
                0x20003000                _estack = 0x20003000
                0x00000200                _Min_Heap_Size = 0x200
                0x00000400                _Min_Stack_Size = 0x400

.isr_vector     0x08000000      0x188
                0x08000000                . = ALIGN (0x4)
 *(.isr_vector)
 .isr_vector    0x08000000      0x188 startup\startup_stm32f334x8.o
                0x08000000                g_pfnVectors
                0x08000188                . = ALIGN (0x4)

.text           0x08000188     0x814c
                0x08000188                . = ALIGN (0x4)
 *(.text)
 .text          0x08000188       0x40 c:/program files (x86)/atollic/truestudio for stm32 9.0.1/armtools/bin/../lib/gcc/arm-atollic-eabi/6.3.1/armv7e-m/fpu/crtbegin.o
 .text          0x080001c8       0x10 c:/program files (x86)/atollic/truestudio for stm32 9.0.1/armtools/bin/../lib/gcc/arm-atollic-eabi/6.3.1/../../../../arm-atollic-eabi/lib/armv7e-m/fpu\libc_nano.a(lib_a-strlen.o)
                0x080001c8                strlen
 .text          0x080001d8      0x370 c:/program files (x86)/atollic/truestudio for stm32 9.0.1/armtools/bin/../lib/gcc/arm-atollic-eabi/6.3.1/armv7e-m/fpu\libgcc.a(_arm_addsubdf3.o)
                0x080001d8                __aeabi_drsub
                0x080001e0                __aeabi_dsub
                0x080001e0                __subdf3
                0x080001e4                __aeabi_dadd
                0x080001e4                __adddf3
                0x0800045c                __floatunsidf
                0x0800045c                __aeabi_ui2d
                0x0800047c                __floatsidf
                0x0800047c                __aeabi_i2d
                0x080004a0                __aeabi_f2d
                0x080004a0                __extendsfdf2
                0x080004dc                __floatundidf
                0x080004dc                __aeabi_ul2d
                0x080004ec                __floatdidf
                0x080004ec                __aeabi_l2d
 .text          0x08000548      0x424 c:/program files (x86)/atollic/truestudio for stm32 9.0.1/armtools/bin/../lib/gcc/arm-atollic-eabi/6.3.1/armv7e-m/fpu\libgcc.a(_arm_muldivdf3.o)
                0x08000548                __aeabi_dmul
                0x08000548                __muldf3
                0x0800079c                __divdf3
                0x0800079c                __aeabi_ddiv
 .text          0x0800096c      0x110 c:/program files (x86)/atollic/truestudio for stm32 9.0.1/armtools/bin/../lib/gcc/arm-atollic-eabi/6.3.1/armv7e-m/fpu\libgcc.a(_arm_cmpdf2.o)
                0x0800096c                __gtdf2
                0x0800096c                __gedf2
                0x08000974                __ltdf2
                0x08000974                __ledf2
                0x0800097c                __nedf2
                0x0800097c                __eqdf2
                0x0800097c                __cmpdf2
                0x080009f8                __aeabi_cdrcmple
                0x08000a08                __aeabi_cdcmpeq
                0x08000a08                __aeabi_cdcmple
                0x08000a18                __aeabi_dcmpeq
                0x08000a2c                __aeabi_dcmplt
                0x08000a40                __aeabi_dcmple
                0x08000a54                __aeabi_dcmpge
                0x08000a68                __aeabi_dcmpgt
 .text          0x08000a7c       0x2c c:/program files (x86)/atollic/truestudio for stm32 9.0.1/armtools/bin/../lib/gcc/arm-atollic-eabi/6.3.1/armv7e-m/fpu\libgcc.a(_arm_unorddf2.o)
                0x08000a7c                __unorddf2
                0x08000a7c                __aeabi_dcmpun
 .text          0x08000aa8       0x50 c:/program files (x86)/atollic/truestudio for stm32 9.0.1/armtools/bin/../lib/gcc/arm-atollic-eabi/6.3.1/armv7e-m/fpu\libgcc.a(_arm_fixdfsi.o)
                0x08000aa8                __aeabi_d2iz
                0x08000aa8                __fixdfsi
 .text          0x08000af8       0x30 c:/program files (x86)/atollic/truestudio for stm32 9.0.1/armtools/bin/../lib/gcc/arm-atollic-eabi/6.3.1/armv7e-m/fpu\libgcc.a(_fixdfdi.o)
                0x08000af8                __fixdfdi
                0x08000af8                __aeabi_d2lz
 .text          0x08000b28       0x48 c:/program files (x86)/atollic/truestudio for stm32 9.0.1/armtools/bin/../lib/gcc/arm-atollic-eabi/6.3.1/armv7e-m/fpu\libgcc.a(_fixunsdfdi.o)
                0x08000b28                __fixunsdfdi
                0x08000b28                __aeabi_d2ulz
 .text          0x08000b70       0x40 c:/program files (x86)/atollic/truestudio for stm32 9.0.1/armtools/bin/../lib/gcc/arm-atollic-eabi/6.3.1/armv7e-m/fpu\libgcc.a(_arm_fixunsdfsi.o)
                0x08000b70                __aeabi_d2uiz
                0x08000b70                __fixunsdfsi
 *(.text*)
 .text.HAL_InitTick
                0x08000bb0       0x48 Drivers\STM32F3xx_HAL_Driver\Src\stm32f3xx_hal.o
                0x08000bb0                HAL_InitTick
 .text.HAL_Init
                0x08000bf8       0x24 Drivers\STM32F3xx_HAL_Driver\Src\stm32f3xx_hal.o
                0x08000bf8                HAL_Init
 .text.HAL_IncTick
                0x08000c1c       0x18 Drivers\STM32F3xx_HAL_Driver\Src\stm32f3xx_hal.o
                0x08000c1c                HAL_IncTick
 .text.HAL_GetTick
                0x08000c34        0xc Drivers\STM32F3xx_HAL_Driver\Src\stm32f3xx_hal.o
                0x08000c34                HAL_GetTick
 .text.HAL_Delay
                0x08000c40       0x28 Drivers\STM32F3xx_HAL_Driver\Src\stm32f3xx_hal.o
                0x08000c40                HAL_Delay
 .text.ADC_Disable
                0x08000c68       0x6e Drivers\STM32F3xx_HAL_Driver\Src\stm32f3xx_hal_adc_ex.o
 *fill*         0x08000cd6        0x2 
 .text.HAL_ADC_Init
                0x08000cd8      0x340 Drivers\STM32F3xx_HAL_Driver\Src\stm32f3xx_hal_adc_ex.o
                0x08000cd8                HAL_ADC_Init
 .text.HAL_ADC_ConfigChannel
                0x08001018      0x3b8 Drivers\STM32F3xx_HAL_Driver\Src\stm32f3xx_hal_adc_ex.o
                0x08001018                HAL_ADC_ConfigChannel
 .text.HAL_ADCEx_MultiModeConfigChannel
                0x080013d0      0x14c Drivers\STM32F3xx_HAL_Driver\Src\stm32f3xx_hal_adc_ex.o
                0x080013d0                HAL_ADCEx_MultiModeConfigChannel
 .text.HAL_NVIC_SetPriorityGrouping
                0x0800151c       0x3c Drivers\STM32F3xx_HAL_Driver\Src\stm32f3xx_hal_cortex.o
                0x0800151c                HAL_NVIC_SetPriorityGrouping
 .text.HAL_NVIC_SetPriority
                0x08001558       0x84 Drivers\STM32F3xx_HAL_Driver\Src\stm32f3xx_hal_cortex.o
                0x08001558                HAL_NVIC_SetPriority
 .text.HAL_NVIC_EnableIRQ
                0x080015dc       0x2c Drivers\STM32F3xx_HAL_Driver\Src\stm32f3xx_hal_cortex.o
                0x080015dc                HAL_NVIC_EnableIRQ
 .text.HAL_SYSTICK_Config
                0x08001608       0x2c Drivers\STM32F3xx_HAL_Driver\Src\stm32f3xx_hal_cortex.o
                0x08001608                HAL_SYSTICK_Config
 .text.HAL_SYSTICK_CLKSourceConfig
                0x08001634       0x30 Drivers\STM32F3xx_HAL_Driver\Src\stm32f3xx_hal_cortex.o
                0x08001634                HAL_SYSTICK_CLKSourceConfig
 .text.HAL_SYSTICK_Callback
                0x08001664        0x2 Drivers\STM32F3xx_HAL_Driver\Src\stm32f3xx_hal_cortex.o
                0x08001664                HAL_SYSTICK_Callback
 .text.HAL_SYSTICK_IRQHandler
                0x08001666        0x8 Drivers\STM32F3xx_HAL_Driver\Src\stm32f3xx_hal_cortex.o
                0x08001666                HAL_SYSTICK_IRQHandler
 *fill*         0x0800166e        0x2 
 .text.HAL_DMA_Init
                0x08001670      0x120 Drivers\STM32F3xx_HAL_Driver\Src\stm32f3xx_hal_dma.o
                0x08001670                HAL_DMA_Init
 .text.HAL_DMA_Abort_IT
                0x08001790       0x48 Drivers\STM32F3xx_HAL_Driver\Src\stm32f3xx_hal_dma.o
                0x08001790                HAL_DMA_Abort_IT
 .text.HAL_DMA_IRQHandler
                0x080017d8       0x90 Drivers\STM32F3xx_HAL_Driver\Src\stm32f3xx_hal_dma.o
                0x080017d8                HAL_DMA_IRQHandler
 .text.HAL_GPIO_Init
                0x08001868      0x268 Drivers\STM32F3xx_HAL_Driver\Src\stm32f3xx_hal_gpio.o
                0x08001868                HAL_GPIO_Init
 .text.HAL_GPIO_WritePin
                0x08001ad0       0x34 Drivers\STM32F3xx_HAL_Driver\Src\stm32f3xx_hal_gpio.o
                0x08001ad0                HAL_GPIO_WritePin
 .text.HAL_GPIO_EXTI_Callback
                0x08001b04        0x2 Drivers\STM32F3xx_HAL_Driver\Src\stm32f3xx_hal_gpio.o
                0x08001b04                HAL_GPIO_EXTI_Callback
 *fill*         0x08001b06        0x2 
 .text.HAL_GPIO_EXTI_IRQHandler
                0x08001b08       0x18 Drivers\STM32F3xx_HAL_Driver\Src\stm32f3xx_hal_gpio.o
                0x08001b08                HAL_GPIO_EXTI_IRQHandler
 .text.I2C_Flush_TXDR
                0x08001b20       0x1c Drivers\STM32F3xx_HAL_Driver\Src\stm32f3xx_hal_i2c.o
 .text.I2C_TransferConfig
                0x08001b3c       0x94 Drivers\STM32F3xx_HAL_Driver\Src\stm32f3xx_hal_i2c.o
 .text.I2C_WaitOnFlagUntilTimeout
                0x08001bd0       0x4e Drivers\STM32F3xx_HAL_Driver\Src\stm32f3xx_hal_i2c.o
 .text.I2C_IsAcknowledgeFailed
                0x08001c1e       0x7a Drivers\STM32F3xx_HAL_Driver\Src\stm32f3xx_hal_i2c.o
 .text.I2C_WaitOnRXNEFlagUntilTimeout
                0x08001c98       0x84 Drivers\STM32F3xx_HAL_Driver\Src\stm32f3xx_hal_i2c.o
 .text.I2C_WaitOnTXISFlagUntilTimeout
                0x08001d1c       0x52 Drivers\STM32F3xx_HAL_Driver\Src\stm32f3xx_hal_i2c.o
 *fill*         0x08001d6e        0x2 
 .text.I2C_RequestMemoryRead
                0x08001d70       0x68 Drivers\STM32F3xx_HAL_Driver\Src\stm32f3xx_hal_i2c.o
 .text.I2C_WaitOnSTOPFlagUntilTimeout
                0x08001dd8       0x4e Drivers\STM32F3xx_HAL_Driver\Src\stm32f3xx_hal_i2c.o
 *fill*         0x08001e26        0x2 
 .text.HAL_I2C_Init
                0x08001e28      0x13c Drivers\STM32F3xx_HAL_Driver\Src\stm32f3xx_hal_i2c.o
                0x08001e28                HAL_I2C_Init
 .text.HAL_I2C_Master_Transmit
                0x08001f64      0x130 Drivers\STM32F3xx_HAL_Driver\Src\stm32f3xx_hal_i2c.o
                0x08001f64                HAL_I2C_Master_Transmit
 .text.HAL_I2C_Master_Receive
                0x08002094      0x130 Drivers\STM32F3xx_HAL_Driver\Src\stm32f3xx_hal_i2c.o
                0x08002094                HAL_I2C_Master_Receive
 .text.HAL_I2C_Mem_Read
                0x080021c4      0x190 Drivers\STM32F3xx_HAL_Driver\Src\stm32f3xx_hal_i2c.o
                0x080021c4                HAL_I2C_Mem_Read
 .text.HAL_I2CEx_ConfigAnalogFilter
                0x08002354       0x74 Drivers\STM32F3xx_HAL_Driver\Src\stm32f3xx_hal_i2c_ex.o
                0x08002354                HAL_I2CEx_ConfigAnalogFilter
 .text.HAL_I2CEx_ConfigDigitalFilter
                0x080023c8       0x70 Drivers\STM32F3xx_HAL_Driver\Src\stm32f3xx_hal_i2c_ex.o
                0x080023c8                HAL_I2CEx_ConfigDigitalFilter
 .text.HAL_RCC_OscConfig
                0x08002438      0x5b8 Drivers\STM32F3xx_HAL_Driver\Src\stm32f3xx_hal_rcc.o
                0x08002438                HAL_RCC_OscConfig
 .text.HAL_RCC_GetSysClockFreq
                0x080029f0       0x64 Drivers\STM32F3xx_HAL_Driver\Src\stm32f3xx_hal_rcc.o
                0x080029f0                HAL_RCC_GetSysClockFreq
 .text.HAL_RCC_ClockConfig
                0x08002a54      0x204 Drivers\STM32F3xx_HAL_Driver\Src\stm32f3xx_hal_rcc.o
                0x08002a54                HAL_RCC_ClockConfig
 .text.HAL_RCC_GetHCLKFreq
                0x08002c58        0xc Drivers\STM32F3xx_HAL_Driver\Src\stm32f3xx_hal_rcc.o
                0x08002c58                HAL_RCC_GetHCLKFreq
 .text.HAL_RCC_GetPCLK1Freq
                0x08002c64       0x30 Drivers\STM32F3xx_HAL_Driver\Src\stm32f3xx_hal_rcc.o
                0x08002c64                HAL_RCC_GetPCLK1Freq
 .text.HAL_RCC_GetPCLK2Freq
                0x08002c94       0x30 Drivers\STM32F3xx_HAL_Driver\Src\stm32f3xx_hal_rcc.o
                0x08002c94                HAL_RCC_GetPCLK2Freq
 .text.HAL_RCCEx_PeriphCLKConfig
                0x08002cc4      0x22c Drivers\STM32F3xx_HAL_Driver\Src\stm32f3xx_hal_rcc_ex.o
                0x08002cc4                HAL_RCCEx_PeriphCLKConfig
 .text.HAL_TIM_Base_Start_IT
                0x08002ef0       0x6c Drivers\STM32F3xx_HAL_Driver\Src\stm32f3xx_hal_tim.o
                0x08002ef0                HAL_TIM_Base_Start_IT
 .text.HAL_TIM_PWM_MspInit
                0x08002f5c        0x2 Drivers\STM32F3xx_HAL_Driver\Src\stm32f3xx_hal_tim.o
                0x08002f5c                HAL_TIM_PWM_MspInit
 .text.HAL_TIM_OC_DelayElapsedCallback
                0x08002f5e        0x2 Drivers\STM32F3xx_HAL_Driver\Src\stm32f3xx_hal_tim.o
                0x08002f5e                HAL_TIM_OC_DelayElapsedCallback
 .text.HAL_TIM_IC_CaptureCallback
                0x08002f60        0x2 Drivers\STM32F3xx_HAL_Driver\Src\stm32f3xx_hal_tim.o
                0x08002f60                HAL_TIM_IC_CaptureCallback
 .text.HAL_TIM_PWM_PulseFinishedCallback
                0x08002f62        0x2 Drivers\STM32F3xx_HAL_Driver\Src\stm32f3xx_hal_tim.o
                0x08002f62                HAL_TIM_PWM_PulseFinishedCallback
 .text.HAL_TIM_TriggerCallback
                0x08002f64        0x2 Drivers\STM32F3xx_HAL_Driver\Src\stm32f3xx_hal_tim.o
                0x08002f64                HAL_TIM_TriggerCallback
 .text.HAL_TIM_IRQHandler
                0x08002f66      0x160 Drivers\STM32F3xx_HAL_Driver\Src\stm32f3xx_hal_tim.o
                0x08002f66                HAL_TIM_IRQHandler
 *fill*         0x080030c6        0x2 
 .text.TIM_Base_SetConfig
                0x080030c8       0x94 Drivers\STM32F3xx_HAL_Driver\Src\stm32f3xx_hal_tim.o
                0x080030c8                TIM_Base_SetConfig
 .text.HAL_TIM_Base_Init
                0x0800315c       0xc8 Drivers\STM32F3xx_HAL_Driver\Src\stm32f3xx_hal_tim.o
                0x0800315c                HAL_TIM_Base_Init
 .text.HAL_TIM_PWM_Init
                0x08003224       0xd0 Drivers\STM32F3xx_HAL_Driver\Src\stm32f3xx_hal_tim.o
                0x08003224                HAL_TIM_PWM_Init
 .text.TIM_OC1_SetConfig
                0x080032f4       0xd0 Drivers\STM32F3xx_HAL_Driver\Src\stm32f3xx_hal_tim.o
                0x080032f4                TIM_OC1_SetConfig
 .text.TIM_OC2_SetConfig
                0x080033c4       0xc0 Drivers\STM32F3xx_HAL_Driver\Src\stm32f3xx_hal_tim.o
                0x080033c4                TIM_OC2_SetConfig
 .text.TIM_OC3_SetConfig
                0x08003484       0xbc Drivers\STM32F3xx_HAL_Driver\Src\stm32f3xx_hal_tim.o
                0x08003484                TIM_OC3_SetConfig
 .text.TIM_OC4_SetConfig
                0x08003540       0x84 Drivers\STM32F3xx_HAL_Driver\Src\stm32f3xx_hal_tim.o
                0x08003540                TIM_OC4_SetConfig
 .text.TIM_ETR_SetConfig
                0x080035c4       0x14 Drivers\STM32F3xx_HAL_Driver\Src\stm32f3xx_hal_tim.o
                0x080035c4                TIM_ETR_SetConfig
 .text.HAL_TIM_ConfigClockSource
                0x080035d8      0x448 Drivers\STM32F3xx_HAL_Driver\Src\stm32f3xx_hal_tim.o
                0x080035d8                HAL_TIM_ConfigClockSource
 .text.TIM_OC5_SetConfig
                0x08003a20       0x60 Drivers\STM32F3xx_HAL_Driver\Src\stm32f3xx_hal_tim_ex.o
 .text.TIM_OC6_SetConfig
                0x08003a80       0x60 Drivers\STM32F3xx_HAL_Driver\Src\stm32f3xx_hal_tim_ex.o
 .text.HAL_TIM_PWM_ConfigChannel
                0x08003ae0      0x260 Drivers\STM32F3xx_HAL_Driver\Src\stm32f3xx_hal_tim_ex.o
                0x08003ae0                HAL_TIM_PWM_ConfigChannel
 .text.HAL_TIMEx_MasterConfigSynchronization
                0x08003d40       0xd8 Drivers\STM32F3xx_HAL_Driver\Src\stm32f3xx_hal_tim_ex.o
                0x08003d40                HAL_TIMEx_MasterConfigSynchronization
 .text.HAL_TIMEx_CommutationCallback
                0x08003e18        0x2 Drivers\STM32F3xx_HAL_Driver\Src\stm32f3xx_hal_tim_ex.o
                0x08003e18                HAL_TIMEx_CommutationCallback
 .text.HAL_TIMEx_BreakCallback
                0x08003e1a        0x2 Drivers\STM32F3xx_HAL_Driver\Src\stm32f3xx_hal_tim_ex.o
                0x08003e1a                HAL_TIMEx_BreakCallback
 .text.HAL_TIMEx_Break2Callback
                0x08003e1c        0x2 Drivers\STM32F3xx_HAL_Driver\Src\stm32f3xx_hal_tim_ex.o
                0x08003e1c                HAL_TIMEx_Break2Callback
 .text.UART_EndRxTransfer
                0x08003e1e       0x1a Drivers\STM32F3xx_HAL_Driver\Src\stm32f3xx_hal_uart.o
 .text.HAL_UART_Receive_IT
                0x08003e38       0x88 Drivers\STM32F3xx_HAL_Driver\Src\stm32f3xx_hal_uart.o
                0x08003e38                HAL_UART_Receive_IT
 .text.HAL_UART_TxCpltCallback
                0x08003ec0        0x2 Drivers\STM32F3xx_HAL_Driver\Src\stm32f3xx_hal_uart.o
                0x08003ec0                HAL_UART_TxCpltCallback
 .text.HAL_UART_ErrorCallback
                0x08003ec2        0x2 Drivers\STM32F3xx_HAL_Driver\Src\stm32f3xx_hal_uart.o
                0x08003ec2                HAL_UART_ErrorCallback
 .text.UART_DMAAbortOnError
                0x08003ec4       0x14 Drivers\STM32F3xx_HAL_Driver\Src\stm32f3xx_hal_uart.o
 .text.UART_SetConfig
                0x08003ed8      0x1f4 Drivers\STM32F3xx_HAL_Driver\Src\stm32f3xx_hal_uart.o
                0x08003ed8                UART_SetConfig
 .text.UART_AdvFeatureConfig
                0x080040cc      0x188 Drivers\STM32F3xx_HAL_Driver\Src\stm32f3xx_hal_uart.o
                0x080040cc                UART_AdvFeatureConfig
 .text.UART_WaitOnFlagUntilTimeout
                0x08004254       0x62 Drivers\STM32F3xx_HAL_Driver\Src\stm32f3xx_hal_uart.o
                0x08004254                UART_WaitOnFlagUntilTimeout
 .text.HAL_UART_Transmit
                0x080042b6       0xb2 Drivers\STM32F3xx_HAL_Driver\Src\stm32f3xx_hal_uart.o
                0x080042b6                HAL_UART_Transmit
 .text.UART_CheckIdleState
                0x08004368       0x64 Drivers\STM32F3xx_HAL_Driver\Src\stm32f3xx_hal_uart.o
                0x08004368                UART_CheckIdleState
 .text.HAL_UART_Init
                0x080043cc       0xb4 Drivers\STM32F3xx_HAL_Driver\Src\stm32f3xx_hal_uart.o
                0x080043cc                HAL_UART_Init
 .text.UART_Transmit_IT
                0x08004480       0x5c Drivers\STM32F3xx_HAL_Driver\Src\stm32f3xx_hal_uart.o
                0x08004480                UART_Transmit_IT
 .text.UART_EndTransmit_IT
                0x080044dc       0x1a Drivers\STM32F3xx_HAL_Driver\Src\stm32f3xx_hal_uart.o
                0x080044dc                UART_EndTransmit_IT
 .text.UART_Receive_IT
                0x080044f6       0x6c Drivers\STM32F3xx_HAL_Driver\Src\stm32f3xx_hal_uart.o
                0x080044f6                UART_Receive_IT
 *fill*         0x08004562        0x2 
 .text.HAL_UART_IRQHandler
                0x08004564      0x12c Drivers\STM32F3xx_HAL_Driver\Src\stm32f3xx_hal_uart.o
                0x08004564                HAL_UART_IRQHandler
 .text.HAL_UARTEx_WakeupCallback
                0x08004690        0x2 Drivers\STM32F3xx_HAL_Driver\Src\stm32f3xx_hal_uart_ex.o
                0x08004690                HAL_UARTEx_WakeupCallback
 *fill*         0x08004692        0x2 
 .text.MX_ADC1_Init
                0x08004694       0x84 Src\adc.o
                0x08004694                MX_ADC1_Init
 .text.HAL_ADC_MspInit
                0x08004718       0x80 Src\adc.o
                0x08004718                HAL_ADC_MspInit
 .text.MX_DMA_Init
                0x08004798       0x30 Src\dma.o
                0x08004798                MX_DMA_Init
 .text.MX_GPIO_Init
                0x080047c8      0x11c Src\gpio.o
                0x080047c8                MX_GPIO_Init
 .text.MX_I2C1_Init
                0x080048e4       0x64 Src\i2c.o
                0x080048e4                MX_I2C1_Init
 .text.HAL_I2C_MspInit
                0x08004948       0x68 Src\i2c.o
                0x08004948                HAL_I2C_MspInit
 .text.uart_init
                0x080049b0       0x2c Src\main.o
                0x080049b0                uart_init
 .text.tx_by_flag
                0x080049dc       0x2c Src\main.o
                0x080049dc                tx_by_flag
 .text.HAL_UART_RxCpltCallback
                0x08004a08       0x58 Src\main.o
                0x08004a08                HAL_UART_RxCpltCallback
 .text.Write_reg
                0x08004a60       0x24 Src\main.o
                0x08004a60                Write_reg
 .text.MPU_6050_init
                0x08004a84       0x3e Src\main.o
                0x08004a84                MPU_6050_init
 .text.HMC5883L_init
                0x08004ac2       0xb2 Src\main.o
                0x08004ac2                HMC5883L_init
 .text.MS5611_init
                0x08004b74       0xe0 Src\main.o
                0x08004b74                MS5611_init
 *fill*         0x08004c54        0x4 
 .text.Read_MPU6050_Data
                0x08004c58      0x118 Src\main.o
                0x08004c58                Read_MPU6050_Data
 .text.Read_HMC5883L_Data
                0x08004d70       0xa0 Src\main.o
                0x08004d70                Read_HMC5883L_Data
 .text.Read_MS5611_Data
                0x08004e10       0xa4 Src\main.o
                0x08004e10                Read_MS5611_Data
 .text.Calc_TP  0x08004eb4      0x2d0 Src\main.o
                0x08004eb4                Calc_TP
 .text.HAL_TIM_PeriodElapsedCallback
                0x08005184       0x1c Src\main.o
                0x08005184                HAL_TIM_PeriodElapsedCallback
 .text.SystemClock_Config
                0x080051a0       0x88 Src\main.o
                0x080051a0                SystemClock_Config
 .text.startup.main
                0x08005228      0x994 Src\main.o
                0x08005228                main
 .text._Error_Handler
                0x08005bbc        0x2 Src\main.o
                0x08005bbc                _Error_Handler
 .text.assert_failed
                0x08005bbe        0x2 Src\main.o
                0x08005bbe                assert_failed
 .text.HAL_MspInit
                0x08005bc0       0x8c Src\stm32f3xx_hal_msp.o
                0x08005bc0                HAL_MspInit
 .text.SysTick_Handler
                0x08005c4c        0xe Src\stm32f3xx_it.o
                0x08005c4c                SysTick_Handler
 *fill*         0x08005c5a        0x2 
 .text.DMA1_Channel1_IRQHandler
                0x08005c5c        0xc Src\stm32f3xx_it.o
                0x08005c5c                DMA1_Channel1_IRQHandler
 .text.EXTI9_5_IRQHandler
                0x08005c68        0x6 Src\stm32f3xx_it.o
                0x08005c68                EXTI9_5_IRQHandler
 *fill*         0x08005c6e        0x2 
 .text.TIM3_IRQHandler
                0x08005c70        0xc Src\stm32f3xx_it.o
                0x08005c70                TIM3_IRQHandler
 .text.USART3_IRQHandler
                0x08005c7c        0xc Src\stm32f3xx_it.o
                0x08005c7c                USART3_IRQHandler
 .text.EXTI15_10_IRQHandler
                0x08005c88        0x8 Src\stm32f3xx_it.o
                0x08005c88                EXTI15_10_IRQHandler
 .text.TIM7_DAC2_IRQHandler
                0x08005c90        0xc Src\stm32f3xx_it.o
                0x08005c90                TIM7_DAC2_IRQHandler
 .text.SystemInit
                0x08005c9c       0x68 Src\system_stm32f3xx.o
                0x08005c9c                SystemInit
 .text.MX_TIM3_Init
                0x08005d04       0x70 Src\tim.o
                0x08005d04                MX_TIM3_Init
 .text.MX_TIM7_Init
                0x08005d74       0x50 Src\tim.o
                0x08005d74                MX_TIM7_Init
 .text.HAL_TIM_Base_MspInit
                0x08005dc4       0x88 Src\tim.o
                0x08005dc4                HAL_TIM_Base_MspInit
 .text.HAL_TIM_MspPostInit
                0x08005e4c       0x2a Src\tim.o
                0x08005e4c                HAL_TIM_MspPostInit
 *fill*         0x08005e76        0x2 
 .text.MX_TIM2_Init
                0x08005e78       0xa8 Src\tim.o
                0x08005e78                MX_TIM2_Init
 .text.MX_USART2_UART_Init
                0x08005f20       0x44 Src\usart.o
                0x08005f20                MX_USART2_UART_Init
 .text.MX_USART3_UART_Init
                0x08005f64       0x44 Src\usart.o
                0x08005f64                MX_USART3_UART_Init
 .text.HAL_UART_MspInit
                0x08005fa8       0x9c Src\usart.o
                0x08005fa8                HAL_UART_MspInit
 .text.Reset_Handler
                0x08006044       0x50 startup\startup_stm32f334x8.o
                0x08006044                Reset_Handler
 .text.Default_Handler
                0x08006094        0x2 startup\startup_stm32f334x8.o
                0x08006094                RTC_Alarm_IRQHandler
                0x08006094                HRTIM1_Master_IRQHandler
                0x08006094                DebugMon_Handler
                0x08006094                TIM1_CC_IRQHandler
                0x08006094                HardFault_Handler
                0x08006094                HRTIM1_FLT_IRQHandler
                0x08006094                PVD_IRQHandler
                0x08006094                HRTIM1_TIMD_IRQHandler
                0x08006094                TAMP_STAMP_IRQHandler
                0x08006094                PendSV_Handler
                0x08006094                NMI_Handler
                0x08006094                EXTI3_IRQHandler
                0x08006094                EXTI0_IRQHandler
                0x08006094                FPU_IRQHandler
                0x08006094                CAN_TX_IRQHandler
                0x08006094                TIM1_UP_TIM16_IRQHandler
                0x08006094                UsageFault_Handler
                0x08006094                ADC1_2_IRQHandler
                0x08006094                HRTIM1_TIME_IRQHandler
                0x08006094                SPI1_IRQHandler
                0x08006094                CAN_SCE_IRQHandler
                0x08006094                HRTIM1_TIMC_IRQHandler
                0x08006094                DMA1_Channel4_IRQHandler
                0x08006094                DMA1_Channel7_IRQHandler
                0x08006094                CAN_RX1_IRQHandler
                0x08006094                I2C1_EV_IRQHandler
                0x08006094                DMA1_Channel6_IRQHandler
                0x08006094                RCC_IRQHandler
                0x08006094                Default_Handler
                0x08006094                COMP2_IRQHandler
                0x08006094                HRTIM1_TIMA_IRQHandler
                0x08006094                TIM6_DAC1_IRQHandler
                0x08006094                RTC_WKUP_IRQHandler
                0x08006094                MemManage_Handler
                0x08006094                SVC_Handler
                0x08006094                DMA1_Channel5_IRQHandler
                0x08006094                EXTI4_IRQHandler
                0x08006094                HRTIM1_TIMB_IRQHandler
                0x08006094                TIM1_TRG_COM_TIM17_IRQHandler
                0x08006094                DMA1_Channel3_IRQHandler
                0x08006094                WWDG_IRQHandler
                0x08006094                TIM2_IRQHandler
                0x08006094                EXTI1_IRQHandler
                0x08006094                COMP4_6_IRQHandler
                0x08006094                USART2_IRQHandler
                0x08006094                DMA1_Channel2_IRQHandler
                0x08006094                FLASH_IRQHandler
                0x08006094                BusFault_Handler
                0x08006094                USART1_IRQHandler
                0x08006094                CAN_RX0_IRQHandler
                0x08006094                I2C1_ER_IRQHandler
                0x08006094                EXTI2_TSC_IRQHandler
                0x08006094                TIM1_BRK_TIM15_IRQHandler
 *fill*         0x08006096        0x2 
 .text.__libc_init_array
                0x08006098       0x48 c:/program files (x86)/atollic/truestudio for stm32 9.0.1/armtools/bin/../lib/gcc/arm-atollic-eabi/6.3.1/../../../../arm-atollic-eabi/lib/armv7e-m/fpu\libc_nano.a(lib_a-init.o)
                0x08006098                __libc_init_array
 .text.memset   0x080060e0       0x10 c:/program files (x86)/atollic/truestudio for stm32 9.0.1/armtools/bin/../lib/gcc/arm-atollic-eabi/6.3.1/../../../../arm-atollic-eabi/lib/armv7e-m/fpu\libc_nano.a(lib_a-memset.o)
                0x080060e0                memset
 .text.__cvt    0x080060f0       0xc2 c:/program files (x86)/atollic/truestudio for stm32 9.0.1/armtools/bin/../lib/gcc/arm-atollic-eabi/6.3.1/../../../../arm-atollic-eabi/lib/armv7e-m/fpu\libc_nano.a(lib_a-nano-vfprintf_float.o)
                0x080060f0                __cvt
 .text.__exponent
                0x080061b2       0x6a c:/program files (x86)/atollic/truestudio for stm32 9.0.1/armtools/bin/../lib/gcc/arm-atollic-eabi/6.3.1/../../../../arm-atollic-eabi/lib/armv7e-m/fpu\libc_nano.a(lib_a-nano-vfprintf_float.o)
                0x080061b2                __exponent
 .text._printf_float
                0x0800621c      0x480 c:/program files (x86)/atollic/truestudio for stm32 9.0.1/armtools/bin/../lib/gcc/arm-atollic-eabi/6.3.1/../../../../arm-atollic-eabi/lib/armv7e-m/fpu\libc_nano.a(lib_a-nano-vfprintf_float.o)
                0x0800621c                _printf_float
 .text._printf_common
                0x0800669c       0xec c:/program files (x86)/atollic/truestudio for stm32 9.0.1/armtools/bin/../lib/gcc/arm-atollic-eabi/6.3.1/../../../../arm-atollic-eabi/lib/armv7e-m/fpu\libc_nano.a(lib_a-nano-vfprintf_i.o)
                0x0800669c                _printf_common
 .text.quorem   0x08006788      0x118 c:/program files (x86)/atollic/truestudio for stm32 9.0.1/armtools/bin/../lib/gcc/arm-atollic-eabi/6.3.1/../../../../arm-atollic-eabi/lib/armv7e-m/fpu\libc_nano.a(lib_a-dtoa.o)
 .text._dtoa_r  0x080068a0      0xb9c c:/program files (x86)/atollic/truestudio for stm32 9.0.1/armtools/bin/../lib/gcc/arm-atollic-eabi/6.3.1/../../../../arm-atollic-eabi/lib/armv7e-m/fpu\libc_nano.a(lib_a-dtoa.o)
                0x080068a0                _dtoa_r
 .text._localeconv_r
                0x0800743c       0x1c c:/program files (x86)/atollic/truestudio for stm32 9.0.1/armtools/bin/../lib/gcc/arm-atollic-eabi/6.3.1/../../../../arm-atollic-eabi/lib/armv7e-m/fpu\libc_nano.a(lib_a-localeconv.o)
                0x0800743c                _localeconv_r
 .text.malloc   0x08007458       0x10 c:/program files (x86)/atollic/truestudio for stm32 9.0.1/armtools/bin/../lib/gcc/arm-atollic-eabi/6.3.1/../../../../arm-atollic-eabi/lib/armv7e-m/fpu\libc_nano.a(lib_a-malloc.o)
                0x08007458                malloc
 .text.memcpy   0x08007468       0x16 c:/program files (x86)/atollic/truestudio for stm32 9.0.1/armtools/bin/../lib/gcc/arm-atollic-eabi/6.3.1/../../../../arm-atollic-eabi/lib/armv7e-m/fpu\libc_nano.a(lib_a-memcpy-stub.o)
                0x08007468                memcpy
 .text._Balloc  0x0800747e       0x68 c:/program files (x86)/atollic/truestudio for stm32 9.0.1/armtools/bin/../lib/gcc/arm-atollic-eabi/6.3.1/../../../../arm-atollic-eabi/lib/armv7e-m/fpu\libc_nano.a(lib_a-mprec.o)
                0x0800747e                _Balloc
 .text._Bfree   0x080074e6       0x2e c:/program files (x86)/atollic/truestudio for stm32 9.0.1/armtools/bin/../lib/gcc/arm-atollic-eabi/6.3.1/../../../../arm-atollic-eabi/lib/armv7e-m/fpu\libc_nano.a(lib_a-mprec.o)
                0x080074e6                _Bfree
 .text.__multadd
                0x08007514       0x76 c:/program files (x86)/atollic/truestudio for stm32 9.0.1/armtools/bin/../lib/gcc/arm-atollic-eabi/6.3.1/../../../../arm-atollic-eabi/lib/armv7e-m/fpu\libc_nano.a(lib_a-mprec.o)
                0x08007514                __multadd
 .text.__hi0bits
                0x0800758a       0x3e c:/program files (x86)/atollic/truestudio for stm32 9.0.1/armtools/bin/../lib/gcc/arm-atollic-eabi/6.3.1/../../../../arm-atollic-eabi/lib/armv7e-m/fpu\libc_nano.a(lib_a-mprec.o)
                0x0800758a                __hi0bits
 .text.__lo0bits
                0x080075c8       0x5e c:/program files (x86)/atollic/truestudio for stm32 9.0.1/armtools/bin/../lib/gcc/arm-atollic-eabi/6.3.1/../../../../arm-atollic-eabi/lib/armv7e-m/fpu\libc_nano.a(lib_a-mprec.o)
                0x080075c8                __lo0bits
 .text.__i2b    0x08007626       0x12 c:/program files (x86)/atollic/truestudio for stm32 9.0.1/armtools/bin/../lib/gcc/arm-atollic-eabi/6.3.1/../../../../arm-atollic-eabi/lib/armv7e-m/fpu\libc_nano.a(lib_a-mprec.o)
                0x08007626                __i2b
 .text.__multiply
                0x08007638      0x11a c:/program files (x86)/atollic/truestudio for stm32 9.0.1/armtools/bin/../lib/gcc/arm-atollic-eabi/6.3.1/../../../../arm-atollic-eabi/lib/armv7e-m/fpu\libc_nano.a(lib_a-mprec.o)
                0x08007638                __multiply
 *fill*         0x08007752        0x2 
 .text.__pow5mult
                0x08007754       0x9c c:/program files (x86)/atollic/truestudio for stm32 9.0.1/armtools/bin/../lib/gcc/arm-atollic-eabi/6.3.1/../../../../arm-atollic-eabi/lib/armv7e-m/fpu\libc_nano.a(lib_a-mprec.o)
                0x08007754                __pow5mult
 .text.__lshift
                0x080077f0       0xa2 c:/program files (x86)/atollic/truestudio for stm32 9.0.1/armtools/bin/../lib/gcc/arm-atollic-eabi/6.3.1/../../../../arm-atollic-eabi/lib/armv7e-m/fpu\libc_nano.a(lib_a-mprec.o)
                0x080077f0                __lshift
 .text.__mcmp   0x08007892       0x34 c:/program files (x86)/atollic/truestudio for stm32 9.0.1/armtools/bin/../lib/gcc/arm-atollic-eabi/6.3.1/../../../../arm-atollic-eabi/lib/armv7e-m/fpu\libc_nano.a(lib_a-mprec.o)
                0x08007892                __mcmp
 .text.__mdiff  0x080078c6       0xbc c:/program files (x86)/atollic/truestudio for stm32 9.0.1/armtools/bin/../lib/gcc/arm-atollic-eabi/6.3.1/../../../../arm-atollic-eabi/lib/armv7e-m/fpu\libc_nano.a(lib_a-mprec.o)
                0x080078c6                __mdiff
 .text.__d2b    0x08007982       0x9e c:/program files (x86)/atollic/truestudio for stm32 9.0.1/armtools/bin/../lib/gcc/arm-atollic-eabi/6.3.1/../../../../arm-atollic-eabi/lib/armv7e-m/fpu\libc_nano.a(lib_a-mprec.o)
                0x08007982                __d2b
 .text._calloc_r
                0x08007a20       0x1c c:/program files (x86)/atollic/truestudio for stm32 9.0.1/armtools/bin/../lib/gcc/arm-atollic-eabi/6.3.1/../../../../arm-atollic-eabi/lib/armv7e-m/fpu\libc_nano.a(lib_a-nano-callocr.o)
                0x08007a20                _calloc_r
 .text._malloc_r
                0x08007a3c       0xbc c:/program files (x86)/atollic/truestudio for stm32 9.0.1/armtools/bin/../lib/gcc/arm-atollic-eabi/6.3.1/../../../../arm-atollic-eabi/lib/armv7e-m/fpu\libc_nano.a(lib_a-nano-mallocr.o)
                0x08007a3c                _malloc_r
 .text._sbrk_r  0x08007af8       0x20 c:/program files (x86)/atollic/truestudio for stm32 9.0.1/armtools/bin/../lib/gcc/arm-atollic-eabi/6.3.1/../../../../arm-atollic-eabi/lib/armv7e-m/fpu\libc_nano.a(lib_a-sbrkr.o)
                0x08007af8                _sbrk_r
 .text.__ascii_mbtowc
                0x08007b18       0x24 c:/program files (x86)/atollic/truestudio for stm32 9.0.1/armtools/bin/../lib/gcc/arm-atollic-eabi/6.3.1/../../../../arm-atollic-eabi/lib/armv7e-m/fpu\libc_nano.a(lib_a-mbtowc_r.o)
                0x08007b18                __ascii_mbtowc
 .text.__malloc_lock
                0x08007b3c        0x2 c:/program files (x86)/atollic/truestudio for stm32 9.0.1/armtools/bin/../lib/gcc/arm-atollic-eabi/6.3.1/../../../../arm-atollic-eabi/lib/armv7e-m/fpu\libc_nano.a(lib_a-mlock.o)
                0x08007b3c                __malloc_lock
 .text.__malloc_unlock
                0x08007b3e        0x2 c:/program files (x86)/atollic/truestudio for stm32 9.0.1/armtools/bin/../lib/gcc/arm-atollic-eabi/6.3.1/../../../../arm-atollic-eabi/lib/armv7e-m/fpu\libc_nano.a(lib_a-mlock.o)
                0x08007b3e                __malloc_unlock
 .text.__ascii_wctomb
                0x08007b40       0x1a c:/program files (x86)/atollic/truestudio for stm32 9.0.1/armtools/bin/../lib/gcc/arm-atollic-eabi/6.3.1/../../../../arm-atollic-eabi/lib/armv7e-m/fpu\libc_nano.a(lib_a-wctomb_r.o)
                0x08007b40                __ascii_wctomb
 .text.atan2    0x08007b5a        0x4 c:/program files (x86)/atollic/truestudio for stm32 9.0.1/armtools/bin/../lib/gcc/arm-atollic-eabi/6.3.1/../../../../arm-atollic-eabi/lib/armv7e-m/fpu\libm.a(lib_a-w_atan2.o)
                0x08007b5a                atan2
 *fill*         0x08007b5e        0x2 
 .text.sqrt     0x08007b60       0xb4 c:/program files (x86)/atollic/truestudio for stm32 9.0.1/armtools/bin/../lib/gcc/arm-atollic-eabi/6.3.1/../../../../arm-atollic-eabi/lib/armv7e-m/fpu\libm.a(lib_a-w_sqrt.o)
                0x08007b60                sqrt
 *fill*         0x08007c14        0x4 
 .text.__ieee754_atan2
                0x08007c18      0x1b4 c:/program files (x86)/atollic/truestudio for stm32 9.0.1/armtools/bin/../lib/gcc/arm-atollic-eabi/6.3.1/../../../../arm-atollic-eabi/lib/armv7e-m/fpu\libm.a(lib_a-e_atan2.o)
                0x08007c18                __ieee754_atan2
 .text.__ieee754_sqrt
                0x08007dcc      0x160 c:/program files (x86)/atollic/truestudio for stm32 9.0.1/armtools/bin/../lib/gcc/arm-atollic-eabi/6.3.1/../../../../arm-atollic-eabi/lib/armv7e-m/fpu\libm.a(lib_a-e_sqrt.o)
                0x08007dcc                __ieee754_sqrt
 *fill*         0x08007f2c        0x4 
 .text.atan     0x08007f30      0x350 c:/program files (x86)/atollic/truestudio for stm32 9.0.1/armtools/bin/../lib/gcc/arm-atollic-eabi/6.3.1/../../../../arm-atollic-eabi/lib/armv7e-m/fpu\libm.a(lib_a-s_atan.o)
                0x08007f30                atan
 .text.fabs     0x08008280        0xe c:/program files (x86)/atollic/truestudio for stm32 9.0.1/armtools/bin/../lib/gcc/arm-atollic-eabi/6.3.1/../../../../arm-atollic-eabi/lib/armv7e-m/fpu\libm.a(lib_a-s_fabs.o)
                0x08008280                fabs
 .text.matherr  0x0800828e        0x4 c:/program files (x86)/atollic/truestudio for stm32 9.0.1/armtools/bin/../lib/gcc/arm-atollic-eabi/6.3.1/../../../../arm-atollic-eabi/lib/armv7e-m/fpu\libm.a(lib_a-s_matherr.o)
                0x0800828e                matherr
 *fill*         0x08008292        0x2 
 .text.__errno  0x08008294        0xc c:/program files (x86)/atollic/truestudio for stm32 9.0.1/armtools/bin/../lib/gcc/arm-atollic-eabi/6.3.1/../../../../arm-atollic-eabi/lib/armv7e-m/fpu\libc_nano.a(lib_a-errno.o)
                0x08008294                __errno
 .text._sbrk    0x080082a0       0x1c c:/program files (x86)/atollic/truestudio for stm32 9.0.1/armtools/bin/../lib/gcc/arm-atollic-eabi/6.3.1/../../../../arm-atollic-eabi/lib/armv7e-m/fpu\libnosys.a(sbrk.o)
                0x080082a0                _sbrk
 *(.glue_7)
 .glue_7        0x080082bc        0x0 linker stubs
 *(.glue_7t)
 .glue_7t       0x080082bc        0x0 linker stubs
 *(.eh_frame)
 .eh_frame      0x080082bc        0x0 c:/program files (x86)/atollic/truestudio for stm32 9.0.1/armtools/bin/../lib/gcc/arm-atollic-eabi/6.3.1/armv7e-m/fpu/crtbegin.o
 *(.init)
 .init          0x080082bc        0x4 c:/program files (x86)/atollic/truestudio for stm32 9.0.1/armtools/bin/../lib/gcc/arm-atollic-eabi/6.3.1/armv7e-m/fpu/crti.o
                0x080082bc                _init
 .init          0x080082c0        0x8 c:/program files (x86)/atollic/truestudio for stm32 9.0.1/armtools/bin/../lib/gcc/arm-atollic-eabi/6.3.1/armv7e-m/fpu/crtn.o
 *(.fini)
 .fini          0x080082c8        0x4 c:/program files (x86)/atollic/truestudio for stm32 9.0.1/armtools/bin/../lib/gcc/arm-atollic-eabi/6.3.1/armv7e-m/fpu/crti.o
                0x080082c8                _fini
 .fini          0x080082cc        0x8 c:/program files (x86)/atollic/truestudio for stm32 9.0.1/armtools/bin/../lib/gcc/arm-atollic-eabi/6.3.1/armv7e-m/fpu/crtn.o
                0x080082d4                . = ALIGN (0x4)
                0x080082d4                _etext = .

.vfp11_veneer   0x080082d4        0x0
 .vfp11_veneer  0x080082d4        0x0 linker stubs

.v4_bx          0x080082d4        0x0
 .v4_bx         0x080082d4        0x0 linker stubs

.iplt           0x080082d4        0x0
 .iplt          0x080082d4        0x0 c:/program files (x86)/atollic/truestudio for stm32 9.0.1/armtools/bin/../lib/gcc/arm-atollic-eabi/6.3.1/armv7e-m/fpu/crtbegin.o

.rodata         0x080082d8      0x560
                0x080082d8                . = ALIGN (0x4)
 *(.rodata)
 *(.rodata*)
 .rodata.ADC_ConversionStop.str1.1
                0x080082d8       0x3b Drivers\STM32F3xx_HAL_Driver\Src\stm32f3xx_hal_adc_ex.o
 .rodata.HAL_NVIC_SetPriorityGrouping.str1.1
                0x08008313       0x3b Drivers\STM32F3xx_HAL_Driver\Src\stm32f3xx_hal_cortex.o
 .rodata.HAL_DMA_Init.str1.1
                0x0800834e       0x38 Drivers\STM32F3xx_HAL_Driver\Src\stm32f3xx_hal_dma.o
 .rodata.HAL_GPIO_Init.str1.1
                0x08008386       0x39 Drivers\STM32F3xx_HAL_Driver\Src\stm32f3xx_hal_gpio.o
 .rodata.I2C_TransferConfig.str1.1
                0x080083bf       0x38 Drivers\STM32F3xx_HAL_Driver\Src\stm32f3xx_hal_i2c.o
 .rodata.HAL_I2CEx_ConfigAnalogFilter.str1.1
                0x080083f7       0x3b Drivers\STM32F3xx_HAL_Driver\Src\stm32f3xx_hal_i2c_ex.o
 .rodata.HAL_RCC_OscConfig.str1.1
                0x08008432       0x38 Drivers\STM32F3xx_HAL_Driver\Src\stm32f3xx_hal_rcc.o
 .rodata.aPLLMULFactorTable
                0x0800846a       0x10 Drivers\STM32F3xx_HAL_Driver\Src\stm32f3xx_hal_rcc.o
                0x0800846a                aPLLMULFactorTable
 .rodata.aPredivFactorTable
                0x0800847a       0x10 Drivers\STM32F3xx_HAL_Driver\Src\stm32f3xx_hal_rcc.o
                0x0800847a                aPredivFactorTable
 .rodata.HAL_RCCEx_PeriphCLKConfig.str1.1
                0x0800848a       0x3b Drivers\STM32F3xx_HAL_Driver\Src\stm32f3xx_hal_rcc_ex.o
 .rodata.HAL_TIM_Base_DeInit.str1.1
                0x080084c5       0x38 Drivers\STM32F3xx_HAL_Driver\Src\stm32f3xx_hal_tim.o
 .rodata.HAL_TIMEx_HallSensor_Init.str1.1
                0x080084fd       0x3b Drivers\STM32F3xx_HAL_Driver\Src\stm32f3xx_hal_tim_ex.o
 .rodata.CSWTCH.45
                0x08008538        0x4 Drivers\STM32F3xx_HAL_Driver\Src\stm32f3xx_hal_uart.o
 .rodata.HAL_UART_DeInit.str1.1
                0x0800853c       0x39 Drivers\STM32F3xx_HAL_Driver\Src\stm32f3xx_hal_uart.o
 .rodata.MX_ADC1_Init.str1.1
                0x08008575        0xd Src\adc.o
 .rodata.MX_I2C1_Init.str1.1
                0x08008582        0xd Src\i2c.o
 .rodata.AHBPrescTable
                0x0800858f       0x10 Src\system_stm32f3xx.o
                0x0800858f                AHBPrescTable
 .rodata.APBPrescTable
                0x0800859f        0x8 Src\system_stm32f3xx.o
                0x0800859f                APBPrescTable
 .rodata.MX_TIM3_Init.str1.1
                0x080085a7        0xd Src\tim.o
 .rodata.MX_USART2_UART_Init.str1.1
                0x080085b4        0xf Src\usart.o
 .rodata._printf_float.str1.1
                0x080085c3       0x12 c:/program files (x86)/atollic/truestudio for stm32 9.0.1/armtools/bin/../lib/gcc/arm-atollic-eabi/6.3.1/../../../../arm-atollic-eabi/lib/armv7e-m/fpu\libc_nano.a(lib_a-nano-vfprintf_float.o)
 .rodata._dtoa_r.str1.1
                0x080085d5        0xd c:/program files (x86)/atollic/truestudio for stm32 9.0.1/armtools/bin/../lib/gcc/arm-atollic-eabi/6.3.1/../../../../arm-atollic-eabi/lib/armv7e-m/fpu\libc_nano.a(lib_a-dtoa.o)
                                  0xf (size before relaxing)
 *fill*         0x080085e2        0x6 
 .rodata.__mprec_bigtens
                0x080085e8       0x28 c:/program files (x86)/atollic/truestudio for stm32 9.0.1/armtools/bin/../lib/gcc/arm-atollic-eabi/6.3.1/../../../../arm-atollic-eabi/lib/armv7e-m/fpu\libc_nano.a(lib_a-mprec.o)
                0x080085e8                __mprec_bigtens
 .rodata.__mprec_tens
                0x08008610       0xc8 c:/program files (x86)/atollic/truestudio for stm32 9.0.1/armtools/bin/../lib/gcc/arm-atollic-eabi/6.3.1/../../../../arm-atollic-eabi/lib/armv7e-m/fpu\libc_nano.a(lib_a-mprec.o)
                0x08008610                __mprec_tens
 .rodata.p05.7175
                0x080086d8        0xc c:/program files (x86)/atollic/truestudio for stm32 9.0.1/armtools/bin/../lib/gcc/arm-atollic-eabi/6.3.1/../../../../arm-atollic-eabi/lib/armv7e-m/fpu\libc_nano.a(lib_a-mprec.o)
 .rodata._setlocale_r.str1.1
                0x080086e4        0x8 c:/program files (x86)/atollic/truestudio for stm32 9.0.1/armtools/bin/../lib/gcc/arm-atollic-eabi/6.3.1/../../../../arm-atollic-eabi/lib/armv7e-m/fpu\libc_nano.a(lib_a-locale.o)
                                  0x9 (size before relaxing)
 .rodata.str1.1
                0x080086ec        0x2 c:/program files (x86)/atollic/truestudio for stm32 9.0.1/armtools/bin/../lib/gcc/arm-atollic-eabi/6.3.1/../../../../arm-atollic-eabi/lib/armv7e-m/fpu\libc_nano.a(lib_a-locale.o)
 .rodata._ctype_
                0x080086ee      0x101 c:/program files (x86)/atollic/truestudio for stm32 9.0.1/armtools/bin/../lib/gcc/arm-atollic-eabi/6.3.1/../../../../arm-atollic-eabi/lib/armv7e-m/fpu\libc_nano.a(lib_a-ctype_.o)
                0x080086ee                _ctype_
 .rodata.sqrt.str1.1
                0x080087ef        0x5 c:/program files (x86)/atollic/truestudio for stm32 9.0.1/armtools/bin/../lib/gcc/arm-atollic-eabi/6.3.1/../../../../arm-atollic-eabi/lib/armv7e-m/fpu\libm.a(lib_a-w_sqrt.o)
 *fill*         0x080087f4        0x4 
 .rodata.atanhi
                0x080087f8       0x20 c:/program files (x86)/atollic/truestudio for stm32 9.0.1/armtools/bin/../lib/gcc/arm-atollic-eabi/6.3.1/../../../../arm-atollic-eabi/lib/armv7e-m/fpu\libm.a(lib_a-s_atan.o)
 .rodata.atanlo
                0x08008818       0x20 c:/program files (x86)/atollic/truestudio for stm32 9.0.1/armtools/bin/../lib/gcc/arm-atollic-eabi/6.3.1/../../../../arm-atollic-eabi/lib/armv7e-m/fpu\libm.a(lib_a-s_atan.o)
                0x08008838                . = ALIGN (0x4)

.rel.dyn        0x08008838        0x0
 .rel.iplt      0x08008838        0x0 c:/program files (x86)/atollic/truestudio for stm32 9.0.1/armtools/bin/../lib/gcc/arm-atollic-eabi/6.3.1/armv7e-m/fpu/crtbegin.o

.ARM.extab
 *(.ARM.extab* .gnu.linkonce.armextab.*)

.ARM            0x08008838        0x0
                0x08008838                __exidx_start = .
 *(.ARM.exidx*)
                0x08008838                __exidx_end = .

.preinit_array  0x08008838        0x0
                0x08008838                PROVIDE (__preinit_array_start, .)
 *(.preinit_array*)
                0x08008838                PROVIDE (__preinit_array_end, .)

.init_array     0x08008838        0x4
                0x08008838                PROVIDE (__init_array_start, .)
 *(SORT(.init_array.*))
 *(.init_array*)
 .init_array    0x08008838        0x4 c:/program files (x86)/atollic/truestudio for stm32 9.0.1/armtools/bin/../lib/gcc/arm-atollic-eabi/6.3.1/armv7e-m/fpu/crtbegin.o
                0x0800883c                PROVIDE (__init_array_end, .)

.fini_array     0x0800883c        0x4
                [!provide]                PROVIDE (__fini_array_start, .)
 *(SORT(.fini_array.*))
 *(.fini_array*)
 .fini_array    0x0800883c        0x4 c:/program files (x86)/atollic/truestudio for stm32 9.0.1/armtools/bin/../lib/gcc/arm-atollic-eabi/6.3.1/armv7e-m/fpu/crtbegin.o
                [!provide]                PROVIDE (__fini_array_end, .)
                0x08008840                _sidata = LOADADDR (.data)

.data           0x20000000      0x1f4 load address 0x08008840
                0x20000000                . = ALIGN (0x4)
                0x20000000                _sdata = .
 *(.data)
 *(.data*)
 .data.uwTickFreq
                0x20000000        0x1 Drivers\STM32F3xx_HAL_Driver\Src\stm32f3xx_hal.o
                0x20000000                uwTickFreq
 *fill*         0x20000001        0x3 
 .data.uwTickPrio
                0x20000004        0x4 Drivers\STM32F3xx_HAL_Driver\Src\stm32f3xx_hal.o
                0x20000004                uwTickPrio
 .data.cammand  0x20000008        0x3 Src\main.o
                0x20000008                cammand
 .data.linkData
                0x2000000b        0xa Src\main.o
                0x2000000b                linkData
 *fill*         0x20000015        0x3 
 .data.p_flag   0x20000018        0x4 Src\main.o
                0x20000018                p_flag
 .data.SystemCoreClock
                0x2000001c        0x4 Src\system_stm32f3xx.o
                0x2000001c                SystemCoreClock
 .data._impure_ptr
                0x20000020        0x4 c:/program files (x86)/atollic/truestudio for stm32 9.0.1/armtools/bin/../lib/gcc/arm-atollic-eabi/6.3.1/../../../../arm-atollic-eabi/lib/armv7e-m/fpu\libc_nano.a(lib_a-impure.o)
                0x20000020                _impure_ptr
 .data.impure_data
                0x20000024       0x60 c:/program files (x86)/atollic/truestudio for stm32 9.0.1/armtools/bin/../lib/gcc/arm-atollic-eabi/6.3.1/../../../../arm-atollic-eabi/lib/armv7e-m/fpu\libc_nano.a(lib_a-impure.o)
 .data.__global_locale
                0x20000084      0x16c c:/program files (x86)/atollic/truestudio for stm32 9.0.1/armtools/bin/../lib/gcc/arm-atollic-eabi/6.3.1/../../../../arm-atollic-eabi/lib/armv7e-m/fpu\libc_nano.a(lib_a-locale.o)
                0x20000084                __global_locale
 .data.__fdlib_version
                0x200001f0        0x1 c:/program files (x86)/atollic/truestudio for stm32 9.0.1/armtools/bin/../lib/gcc/arm-atollic-eabi/6.3.1/../../../../arm-atollic-eabi/lib/armv7e-m/fpu\libm.a(lib_a-s_lib_ver.o)
                0x200001f0                __fdlib_version
                0x200001f4                . = ALIGN (0x4)
 *fill*         0x200001f1        0x3 
                0x200001f4                _edata = .
                0x08008a34                _siccmram = LOADADDR (.ccmram)

.igot.plt       0x200001f4        0x0 load address 0x08008a34
 .igot.plt      0x200001f4        0x0 c:/program files (x86)/atollic/truestudio for stm32 9.0.1/armtools/bin/../lib/gcc/arm-atollic-eabi/6.3.1/armv7e-m/fpu/crtbegin.o

.ccmram         0x10000000        0x0 load address 0x08008a34
                0x10000000                . = ALIGN (0x4)
                0x10000000                _sccmram = .
 *(.ccmram)
 *(.ccmram*)
                0x10000000                . = ALIGN (0x4)
                0x10000000                _eccmram = .
                0x10000000                . = ALIGN (0x4)

.bss            0x200001f8      0x53c
                0x200001f8                _sbss = .
                0x200001f8                __bss_start__ = _sbss
 *(.bss)
 .bss           0x200001f8       0x1c c:/program files (x86)/atollic/truestudio for stm32 9.0.1/armtools/bin/../lib/gcc/arm-atollic-eabi/6.3.1/armv7e-m/fpu/crtbegin.o
 *(.bss*)
 .bss.Register  0x20000214        0x4 Src\main.o
                0x20000214                Register
 .bss.Rx_cnt    0x20000218        0x1 Src\main.o
                0x20000218                Rx_cnt
 *fill*         0x20000219        0x3 
 .bss.cnt       0x2000021c        0x4 Src\main.o
                0x2000021c                cnt
 .bss.num1      0x20000220        0x4 Src\main.o
                0x20000220                num1
 .bss.__malloc_free_list
                0x20000224        0x4 c:/program files (x86)/atollic/truestudio for stm32 9.0.1/armtools/bin/../lib/gcc/arm-atollic-eabi/6.3.1/../../../../arm-atollic-eabi/lib/armv7e-m/fpu\libc_nano.a(lib_a-nano-mallocr.o)
                0x20000224                __malloc_free_list
 .bss.__malloc_sbrk_start
                0x20000228        0x4 c:/program files (x86)/atollic/truestudio for stm32 9.0.1/armtools/bin/../lib/gcc/arm-atollic-eabi/6.3.1/../../../../arm-atollic-eabi/lib/armv7e-m/fpu\libc_nano.a(lib_a-nano-mallocr.o)
                0x20000228                __malloc_sbrk_start
 .bss.heap_end.5239
                0x2000022c        0x4 c:/program files (x86)/atollic/truestudio for stm32 9.0.1/armtools/bin/../lib/gcc/arm-atollic-eabi/6.3.1/../../../../arm-atollic-eabi/lib/armv7e-m/fpu\libnosys.a(sbrk.o)
 *(COMMON)
 COMMON         0x20000230        0x4 Drivers\STM32F3xx_HAL_Driver\Src\stm32f3xx_hal.o
                0x20000230                uwTick
 COMMON         0x20000234       0x98 Src\adc.o
                0x20000234                hadc1
                0x20000288                hdma_adc1
 COMMON         0x200002cc       0x4c Src\i2c.o
                0x200002cc                hi2c1
 COMMON         0x20000318      0x278 Src\main.o
                0x20000318                OFF2
                0x20000320                T2
                0x20000328                GyroZangle
                0x20000330                TREF
                0x20000338                Base_Gyro_X
                0x20000340                GyroYangle
                0x20000348                OFF
                0x20000350                Accel_Z
                0x20000358                Temperature
                0x20000360                SENS
                0x20000368                CompYangle
                0x20000370                Magnet_Y
                0x20000378                Base_Accel_X
                0x20000380                OFF_t1
                0x20000382                Rx_data
                0x20000388                Accel_X
                0x20000390                temp
                0x200003e0                Base_Accel_Z
                0x200003e8                CompZangle
                0x200003f0                Base_Mage_Y
                0x200003f8                TCS
                0x200003fc                TEMP
                0x20000400                Base_Angle
                0x20000408                Base_Mage_Z
                0x20000410                D_TEMPER
                0x20000414                Rx_buf
                0x20000478                SENS2
                0x20000480                AccZangle
                0x20000488                Gyro_Z
                0x20000490                D_PRESS
                0x20000498                CompXangle
                0x200004a0                Magnet_Z
                0x200004a8                AccXangle
                0x200004b0                RcvState
                0x200004b8                Base_Mage_X
                0x200004c0                TCO
                0x200004c2                print_buf
                0x20000528                Accel_Y
                0x20000530                Magnet_X
                0x20000538                d_T
                0x2000053c                SENS_t1
                0x20000540                Base_Gyro_Y
                0x20000548                AccYangle
                0x20000550                Base_Accel_Y
                0x20000558                Pressure
                0x2000055c                TEMPSENS
                0x20000560                Gyro_Y
                0x20000568                MagAngle
                0x20000570                GyroXangle
                0x20000578                Heading
                0x20000580                Base_Gyro_Z
                0x20000588                Gyro_X
 COMMON         0x20000590       0xc0 Src\tim.o
                0x20000590                htim3
                0x200005d0                htim2
                0x20000610                htim7
 COMMON         0x20000650       0xe0 Src\usart.o
                0x20000650                huart3
                0x200006c0                huart2
 COMMON         0x20000730        0x4 c:/program files (x86)/atollic/truestudio for stm32 9.0.1/armtools/bin/../lib/gcc/arm-atollic-eabi/6.3.1/../../../../arm-atollic-eabi/lib/armv7e-m/fpu\libc_nano.a(lib_a-reent.o)
                0x20000730                errno
                0x20000734                . = ALIGN (0x4)
                0x20000734                _ebss = .
                0x20000734                __bss_end__ = _ebss

._user_heap_stack
                0x20000734      0x600
                0x20000734                . = ALIGN (0x4)
                0x20000734                PROVIDE (end, .)
                [!provide]                PROVIDE (_end, .)
                0x20000934                . = (. + _Min_Heap_Size)
 *fill*         0x20000734      0x200 
                0x20000d34                . = (. + _Min_Stack_Size)
 *fill*         0x20000934      0x400 
                0x20000d34                . = ALIGN (0x4)

/DISCARD/
 libc.a(*)
 libm.a(*)
 libgcc.a(*)

.ARM.attributes
                0x00000000       0x30
 *(.ARM.attributes)
 .ARM.attributes
                0x00000000       0x22 c:/program files (x86)/atollic/truestudio for stm32 9.0.1/armtools/bin/../lib/gcc/arm-atollic-eabi/6.3.1/armv7e-m/fpu/crti.o
 .ARM.attributes
                0x00000022       0x34 c:/program files (x86)/atollic/truestudio for stm32 9.0.1/armtools/bin/../lib/gcc/arm-atollic-eabi/6.3.1/armv7e-m/fpu/crtbegin.o
 .ARM.attributes
                0x00000056       0x39 Drivers\STM32F3xx_HAL_Driver\Src\stm32f3xx_hal.o
 .ARM.attributes
                0x0000008f       0x39 Drivers\STM32F3xx_HAL_Driver\Src\stm32f3xx_hal_adc_ex.o
 .ARM.attributes
                0x000000c8       0x39 Drivers\STM32F3xx_HAL_Driver\Src\stm32f3xx_hal_cortex.o
 .ARM.attributes
                0x00000101       0x39 Drivers\STM32F3xx_HAL_Driver\Src\stm32f3xx_hal_dma.o
 .ARM.attributes
                0x0000013a       0x39 Drivers\STM32F3xx_HAL_Driver\Src\stm32f3xx_hal_gpio.o
 .ARM.attributes
                0x00000173       0x39 Drivers\STM32F3xx_HAL_Driver\Src\stm32f3xx_hal_i2c.o
 .ARM.attributes
                0x000001ac       0x39 Drivers\STM32F3xx_HAL_Driver\Src\stm32f3xx_hal_i2c_ex.o
 .ARM.attributes
                0x000001e5       0x39 Drivers\STM32F3xx_HAL_Driver\Src\stm32f3xx_hal_rcc.o
 .ARM.attributes
                0x0000021e       0x39 Drivers\STM32F3xx_HAL_Driver\Src\stm32f3xx_hal_rcc_ex.o
 .ARM.attributes
                0x00000257       0x39 Drivers\STM32F3xx_HAL_Driver\Src\stm32f3xx_hal_tim.o
 .ARM.attributes
                0x00000290       0x39 Drivers\STM32F3xx_HAL_Driver\Src\stm32f3xx_hal_tim_ex.o
 .ARM.attributes
                0x000002c9       0x39 Drivers\STM32F3xx_HAL_Driver\Src\stm32f3xx_hal_uart.o
 .ARM.attributes
                0x00000302       0x39 Drivers\STM32F3xx_HAL_Driver\Src\stm32f3xx_hal_uart_ex.o
 .ARM.attributes
                0x0000033b       0x39 Src\adc.o
 .ARM.attributes
                0x00000374       0x39 Src\dma.o
 .ARM.attributes
                0x000003ad       0x39 Src\gpio.o
 .ARM.attributes
                0x000003e6       0x39 Src\i2c.o
 .ARM.attributes
                0x0000041f       0x39 Src\main.o
 .ARM.attributes
                0x00000458       0x39 Src\stm32f3xx_hal_msp.o
 .ARM.attributes
                0x00000491       0x39 Src\stm32f3xx_it.o
 .ARM.attributes
                0x000004ca       0x39 Src\system_stm32f3xx.o
 .ARM.attributes
                0x00000503       0x39 Src\tim.o
 .ARM.attributes
                0x0000053c       0x39 Src\usart.o
 .ARM.attributes
                0x00000575       0x21 startup\startup_stm32f334x8.o
 .ARM.attributes
                0x00000596       0x34 c:/program files (x86)/atollic/truestudio for stm32 9.0.1/armtools/bin/../lib/gcc/arm-atollic-eabi/6.3.1/../../../../arm-atollic-eabi/lib/armv7e-m/fpu\libc_nano.a(lib_a-init.o)
 .ARM.attributes
                0x000005ca       0x34 c:/program files (x86)/atollic/truestudio for stm32 9.0.1/armtools/bin/../lib/gcc/arm-atollic-eabi/6.3.1/../../../../arm-atollic-eabi/lib/armv7e-m/fpu\libc_nano.a(lib_a-memset.o)
 .ARM.attributes
                0x000005fe       0x34 c:/program files (x86)/atollic/truestudio for stm32 9.0.1/armtools/bin/../lib/gcc/arm-atollic-eabi/6.3.1/../../../../arm-atollic-eabi/lib/armv7e-m/fpu\libc_nano.a(lib_a-nano-vfprintf_float.o)
 .ARM.attributes
                0x00000632       0x34 c:/program files (x86)/atollic/truestudio for stm32 9.0.1/armtools/bin/../lib/gcc/arm-atollic-eabi/6.3.1/../../../../arm-atollic-eabi/lib/armv7e-m/fpu\libc_nano.a(lib_a-nano-vfprintf_i.o)
 .ARM.attributes
                0x00000666       0x1b c:/program files (x86)/atollic/truestudio for stm32 9.0.1/armtools/bin/../lib/gcc/arm-atollic-eabi/6.3.1/../../../../arm-atollic-eabi/lib/armv7e-m/fpu\libc_nano.a(lib_a-strlen.o)
 .ARM.attributes
                0x00000681       0x34 c:/program files (x86)/atollic/truestudio for stm32 9.0.1/armtools/bin/../lib/gcc/arm-atollic-eabi/6.3.1/../../../../arm-atollic-eabi/lib/armv7e-m/fpu\libc_nano.a(lib_a-dtoa.o)
 .ARM.attributes
                0x000006b5       0x34 c:/program files (x86)/atollic/truestudio for stm32 9.0.1/armtools/bin/../lib/gcc/arm-atollic-eabi/6.3.1/../../../../arm-atollic-eabi/lib/armv7e-m/fpu\libc_nano.a(lib_a-localeconv.o)
 .ARM.attributes
                0x000006e9       0x34 c:/program files (x86)/atollic/truestudio for stm32 9.0.1/armtools/bin/../lib/gcc/arm-atollic-eabi/6.3.1/../../../../arm-atollic-eabi/lib/armv7e-m/fpu\libc_nano.a(lib_a-malloc.o)
 .ARM.attributes
                0x0000071d       0x34 c:/program files (x86)/atollic/truestudio for stm32 9.0.1/armtools/bin/../lib/gcc/arm-atollic-eabi/6.3.1/../../../../arm-atollic-eabi/lib/armv7e-m/fpu\libc_nano.a(lib_a-memcpy-stub.o)
 .ARM.attributes
                0x00000751       0x34 c:/program files (x86)/atollic/truestudio for stm32 9.0.1/armtools/bin/../lib/gcc/arm-atollic-eabi/6.3.1/../../../../arm-atollic-eabi/lib/armv7e-m/fpu\libc_nano.a(lib_a-mprec.o)
 .ARM.attributes
                0x00000785       0x34 c:/program files (x86)/atollic/truestudio for stm32 9.0.1/armtools/bin/../lib/gcc/arm-atollic-eabi/6.3.1/../../../../arm-atollic-eabi/lib/armv7e-m/fpu\libc_nano.a(lib_a-nano-callocr.o)
 .ARM.attributes
                0x000007b9       0x34 c:/program files (x86)/atollic/truestudio for stm32 9.0.1/armtools/bin/../lib/gcc/arm-atollic-eabi/6.3.1/../../../../arm-atollic-eabi/lib/armv7e-m/fpu\libc_nano.a(lib_a-nano-mallocr.o)
 .ARM.attributes
                0x000007ed       0x34 c:/program files (x86)/atollic/truestudio for stm32 9.0.1/armtools/bin/../lib/gcc/arm-atollic-eabi/6.3.1/../../../../arm-atollic-eabi/lib/armv7e-m/fpu\libc_nano.a(lib_a-sbrkr.o)
 .ARM.attributes
                0x00000821       0x34 c:/program files (x86)/atollic/truestudio for stm32 9.0.1/armtools/bin/../lib/gcc/arm-atollic-eabi/6.3.1/../../../../arm-atollic-eabi/lib/armv7e-m/fpu\libc_nano.a(lib_a-impure.o)
 .ARM.attributes
                0x00000855       0x34 c:/program files (x86)/atollic/truestudio for stm32 9.0.1/armtools/bin/../lib/gcc/arm-atollic-eabi/6.3.1/../../../../arm-atollic-eabi/lib/armv7e-m/fpu\libc_nano.a(lib_a-locale.o)
 .ARM.attributes
                0x00000889       0x34 c:/program files (x86)/atollic/truestudio for stm32 9.0.1/armtools/bin/../lib/gcc/arm-atollic-eabi/6.3.1/../../../../arm-atollic-eabi/lib/armv7e-m/fpu\libc_nano.a(lib_a-mbtowc_r.o)
 .ARM.attributes
                0x000008bd       0x34 c:/program files (x86)/atollic/truestudio for stm32 9.0.1/armtools/bin/../lib/gcc/arm-atollic-eabi/6.3.1/../../../../arm-atollic-eabi/lib/armv7e-m/fpu\libc_nano.a(lib_a-mlock.o)
 .ARM.attributes
                0x000008f1       0x34 c:/program files (x86)/atollic/truestudio for stm32 9.0.1/armtools/bin/../lib/gcc/arm-atollic-eabi/6.3.1/../../../../arm-atollic-eabi/lib/armv7e-m/fpu\libc_nano.a(lib_a-reent.o)
 .ARM.attributes
                0x00000925       0x34 c:/program files (x86)/atollic/truestudio for stm32 9.0.1/armtools/bin/../lib/gcc/arm-atollic-eabi/6.3.1/../../../../arm-atollic-eabi/lib/armv7e-m/fpu\libc_nano.a(lib_a-wctomb_r.o)
 .ARM.attributes
                0x00000959       0x34 c:/program files (x86)/atollic/truestudio for stm32 9.0.1/armtools/bin/../lib/gcc/arm-atollic-eabi/6.3.1/../../../../arm-atollic-eabi/lib/armv7e-m/fpu\libc_nano.a(lib_a-ctype_.o)
 .ARM.attributes
                0x0000098d       0x34 c:/program files (x86)/atollic/truestudio for stm32 9.0.1/armtools/bin/../lib/gcc/arm-atollic-eabi/6.3.1/../../../../arm-atollic-eabi/lib/armv7e-m/fpu\libm.a(lib_a-w_atan2.o)
 .ARM.attributes
                0x000009c1       0x34 c:/program files (x86)/atollic/truestudio for stm32 9.0.1/armtools/bin/../lib/gcc/arm-atollic-eabi/6.3.1/../../../../arm-atollic-eabi/lib/armv7e-m/fpu\libm.a(lib_a-w_sqrt.o)
 .ARM.attributes
                0x000009f5       0x34 c:/program files (x86)/atollic/truestudio for stm32 9.0.1/armtools/bin/../lib/gcc/arm-atollic-eabi/6.3.1/../../../../arm-atollic-eabi/lib/armv7e-m/fpu\libm.a(lib_a-e_atan2.o)
 .ARM.attributes
                0x00000a29       0x34 c:/program files (x86)/atollic/truestudio for stm32 9.0.1/armtools/bin/../lib/gcc/arm-atollic-eabi/6.3.1/../../../../arm-atollic-eabi/lib/armv7e-m/fpu\libm.a(lib_a-e_sqrt.o)
 .ARM.attributes
                0x00000a5d       0x34 c:/program files (x86)/atollic/truestudio for stm32 9.0.1/armtools/bin/../lib/gcc/arm-atollic-eabi/6.3.1/../../../../arm-atollic-eabi/lib/armv7e-m/fpu\libm.a(lib_a-s_atan.o)
 .ARM.attributes
                0x00000a91       0x34 c:/program files (x86)/atollic/truestudio for stm32 9.0.1/armtools/bin/../lib/gcc/arm-atollic-eabi/6.3.1/../../../../arm-atollic-eabi/lib/armv7e-m/fpu\libm.a(lib_a-s_fabs.o)
 .ARM.attributes
                0x00000ac5       0x34 c:/program files (x86)/atollic/truestudio for stm32 9.0.1/armtools/bin/../lib/gcc/arm-atollic-eabi/6.3.1/../../../../arm-atollic-eabi/lib/armv7e-m/fpu\libm.a(lib_a-s_lib_ver.o)
 .ARM.attributes
                0x00000af9       0x34 c:/program files (x86)/atollic/truestudio for stm32 9.0.1/armtools/bin/../lib/gcc/arm-atollic-eabi/6.3.1/../../../../arm-atollic-eabi/lib/armv7e-m/fpu\libm.a(lib_a-s_matherr.o)
 .ARM.attributes
                0x00000b2d       0x34 c:/program files (x86)/atollic/truestudio for stm32 9.0.1/armtools/bin/../lib/gcc/arm-atollic-eabi/6.3.1/../../../../arm-atollic-eabi/lib/armv7e-m/fpu\libc_nano.a(lib_a-errno.o)
 .ARM.attributes
                0x00000b61       0x22 c:/program files (x86)/atollic/truestudio for stm32 9.0.1/armtools/bin/../lib/gcc/arm-atollic-eabi/6.3.1/armv7e-m/fpu\libgcc.a(_arm_addsubdf3.o)
 .ARM.attributes
                0x00000b83       0x22 c:/program files (x86)/atollic/truestudio for stm32 9.0.1/armtools/bin/../lib/gcc/arm-atollic-eabi/6.3.1/armv7e-m/fpu\libgcc.a(_arm_muldivdf3.o)
 .ARM.attributes
                0x00000ba5       0x22 c:/program files (x86)/atollic/truestudio for stm32 9.0.1/armtools/bin/../lib/gcc/arm-atollic-eabi/6.3.1/armv7e-m/fpu\libgcc.a(_arm_cmpdf2.o)
 .ARM.attributes
                0x00000bc7       0x22 c:/program files (x86)/atollic/truestudio for stm32 9.0.1/armtools/bin/../lib/gcc/arm-atollic-eabi/6.3.1/armv7e-m/fpu\libgcc.a(_arm_unorddf2.o)
 .ARM.attributes
                0x00000be9       0x22 c:/program files (x86)/atollic/truestudio for stm32 9.0.1/armtools/bin/../lib/gcc/arm-atollic-eabi/6.3.1/armv7e-m/fpu\libgcc.a(_arm_fixdfsi.o)
 .ARM.attributes
                0x00000c0b       0x34 c:/program files (x86)/atollic/truestudio for stm32 9.0.1/armtools/bin/../lib/gcc/arm-atollic-eabi/6.3.1/armv7e-m/fpu\libgcc.a(_fixdfdi.o)
 .ARM.attributes
                0x00000c3f       0x34 c:/program files (x86)/atollic/truestudio for stm32 9.0.1/armtools/bin/../lib/gcc/arm-atollic-eabi/6.3.1/armv7e-m/fpu\libgcc.a(_fixunsdfdi.o)
 .ARM.attributes
                0x00000c73       0x22 c:/program files (x86)/atollic/truestudio for stm32 9.0.1/armtools/bin/../lib/gcc/arm-atollic-eabi/6.3.1/armv7e-m/fpu\libgcc.a(_arm_fixunsdfsi.o)
 .ARM.attributes
                0x00000c95       0x34 c:/program files (x86)/atollic/truestudio for stm32 9.0.1/armtools/bin/../lib/gcc/arm-atollic-eabi/6.3.1/../../../../arm-atollic-eabi/lib/armv7e-m/fpu\libnosys.a(sbrk.o)
 .ARM.attributes
                0x00000cc9       0x22 c:/program files (x86)/atollic/truestudio for stm32 9.0.1/armtools/bin/../lib/gcc/arm-atollic-eabi/6.3.1/armv7e-m/fpu/crtn.o
OUTPUT(7. I2C.elf elf32-littlearm)

.debug_info     0x00000000    0x268d0
 .debug_info    0x00000000     0x107e Drivers\STM32F3xx_HAL_Driver\Src\stm32f3xx_hal.o
 .debug_info    0x0000107e     0x2cc4 Drivers\STM32F3xx_HAL_Driver\Src\stm32f3xx_hal_adc_ex.o
 .debug_info    0x00003d42     0x15c9 Drivers\STM32F3xx_HAL_Driver\Src\stm32f3xx_hal_cortex.o
 .debug_info    0x0000530b     0x11e9 Drivers\STM32F3xx_HAL_Driver\Src\stm32f3xx_hal_dma.o
 .debug_info    0x000064f4     0x11aa Drivers\STM32F3xx_HAL_Driver\Src\stm32f3xx_hal_gpio.o
 .debug_info    0x0000769e     0x3bcd Drivers\STM32F3xx_HAL_Driver\Src\stm32f3xx_hal_i2c.o
 .debug_info    0x0000b26b     0x1290 Drivers\STM32F3xx_HAL_Driver\Src\stm32f3xx_hal_i2c_ex.o
 .debug_info    0x0000c4fb     0x1e47 Drivers\STM32F3xx_HAL_Driver\Src\stm32f3xx_hal_rcc.o
 .debug_info    0x0000e342      0xf8c Drivers\STM32F3xx_HAL_Driver\Src\stm32f3xx_hal_rcc_ex.o
 .debug_info    0x0000f2ce     0x4e3b Drivers\STM32F3xx_HAL_Driver\Src\stm32f3xx_hal_tim.o
 .debug_info    0x00014109     0x294e Drivers\STM32F3xx_HAL_Driver\Src\stm32f3xx_hal_tim_ex.o
 .debug_info    0x00016a57     0x259d Drivers\STM32F3xx_HAL_Driver\Src\stm32f3xx_hal_uart.o
 .debug_info    0x00018ff4     0x129c Drivers\STM32F3xx_HAL_Driver\Src\stm32f3xx_hal_uart_ex.o
 .debug_info    0x0001a290     0x13b0 Src\adc.o
 .debug_info    0x0001b640      0xc27 Src\dma.o
 .debug_info    0x0001c267      0xd0c Src\gpio.o
 .debug_info    0x0001cf73     0x1243 Src\i2c.o
 .debug_info    0x0001e1b6     0x2f01 Src\main.o
 .debug_info    0x000210b7      0xcf4 Src\stm32f3xx_hal_msp.o
 .debug_info    0x00021dab     0x1298 Src\stm32f3xx_it.o
 .debug_info    0x00023043      0xc74 Src\system_stm32f3xx.o
 .debug_info    0x00023cb7     0x1766 Src\tim.o
 .debug_info    0x0002541d     0x143c Src\usart.o
 .debug_info    0x00026859       0x77 startup\startup_stm32f334x8.o

.debug_abbrev   0x00000000     0x3f71
 .debug_abbrev  0x00000000      0x2f5 Drivers\STM32F3xx_HAL_Driver\Src\stm32f3xx_hal.o
 .debug_abbrev  0x000002f5      0x34a Drivers\STM32F3xx_HAL_Driver\Src\stm32f3xx_hal_adc_ex.o
 .debug_abbrev  0x0000063f      0x396 Drivers\STM32F3xx_HAL_Driver\Src\stm32f3xx_hal_cortex.o
 .debug_abbrev  0x000009d5      0x2cb Drivers\STM32F3xx_HAL_Driver\Src\stm32f3xx_hal_dma.o
 .debug_abbrev  0x00000ca0      0x29f Drivers\STM32F3xx_HAL_Driver\Src\stm32f3xx_hal_gpio.o
 .debug_abbrev  0x00000f3f      0x3b8 Drivers\STM32F3xx_HAL_Driver\Src\stm32f3xx_hal_i2c.o
 .debug_abbrev  0x000012f7      0x240 Drivers\STM32F3xx_HAL_Driver\Src\stm32f3xx_hal_i2c_ex.o
 .debug_abbrev  0x00001537      0x349 Drivers\STM32F3xx_HAL_Driver\Src\stm32f3xx_hal_rcc.o
 .debug_abbrev  0x00001880      0x345 Drivers\STM32F3xx_HAL_Driver\Src\stm32f3xx_hal_rcc_ex.o
 .debug_abbrev  0x00001bc5      0x390 Drivers\STM32F3xx_HAL_Driver\Src\stm32f3xx_hal_tim.o
 .debug_abbrev  0x00001f55      0x2ed Drivers\STM32F3xx_HAL_Driver\Src\stm32f3xx_hal_tim_ex.o
 .debug_abbrev  0x00002242      0x384 Drivers\STM32F3xx_HAL_Driver\Src\stm32f3xx_hal_uart.o
 .debug_abbrev  0x000025c6      0x279 Drivers\STM32F3xx_HAL_Driver\Src\stm32f3xx_hal_uart_ex.o
 .debug_abbrev  0x0000283f      0x238 Src\adc.o
 .debug_abbrev  0x00002a77      0x1f5 Src\dma.o
 .debug_abbrev  0x00002c6c      0x1f7 Src\gpio.o
 .debug_abbrev  0x00002e63      0x229 Src\i2c.o
 .debug_abbrev  0x0000308c      0x409 Src\main.o
 .debug_abbrev  0x00003495      0x1f5 Src\stm32f3xx_hal_msp.o
 .debug_abbrev  0x0000368a      0x1f2 Src\stm32f3xx_it.o
 .debug_abbrev  0x0000387c      0x1e2 Src\system_stm32f3xx.o
 .debug_abbrev  0x00003a5e      0x2b6 Src\tim.o
 .debug_abbrev  0x00003d14      0x24b Src\usart.o
 .debug_abbrev  0x00003f5f       0x12 startup\startup_stm32f334x8.o

.debug_loc      0x00000000     0xce72
 .debug_loc     0x00000000       0xf3 Drivers\STM32F3xx_HAL_Driver\Src\stm32f3xx_hal.o
 .debug_loc     0x000000f3     0x16c2 Drivers\STM32F3xx_HAL_Driver\Src\stm32f3xx_hal_adc_ex.o
 .debug_loc     0x000017b5      0x54b Drivers\STM32F3xx_HAL_Driver\Src\stm32f3xx_hal_cortex.o
 .debug_loc     0x00001d00      0x668 Drivers\STM32F3xx_HAL_Driver\Src\stm32f3xx_hal_dma.o
 .debug_loc     0x00002368      0x46f Drivers\STM32F3xx_HAL_Driver\Src\stm32f3xx_hal_gpio.o
 .debug_loc     0x000027d7     0x2eea Drivers\STM32F3xx_HAL_Driver\Src\stm32f3xx_hal_i2c.o
 .debug_loc     0x000056c1      0x1b0 Drivers\STM32F3xx_HAL_Driver\Src\stm32f3xx_hal_i2c_ex.o
 .debug_loc     0x00005871      0x929 Drivers\STM32F3xx_HAL_Driver\Src\stm32f3xx_hal_rcc.o
 .debug_loc     0x0000619a      0x3ba Drivers\STM32F3xx_HAL_Driver\Src\stm32f3xx_hal_rcc_ex.o
 .debug_loc     0x00006554     0x3553 Drivers\STM32F3xx_HAL_Driver\Src\stm32f3xx_hal_tim.o
 .debug_loc     0x00009aa7     0x1428 Drivers\STM32F3xx_HAL_Driver\Src\stm32f3xx_hal_tim_ex.o
 .debug_loc     0x0000aecf     0x1538 Drivers\STM32F3xx_HAL_Driver\Src\stm32f3xx_hal_uart.o
 .debug_loc     0x0000c407      0x33c Drivers\STM32F3xx_HAL_Driver\Src\stm32f3xx_hal_uart_ex.o
 .debug_loc     0x0000c743       0x63 Src\adc.o
 .debug_loc     0x0000c7a6       0x4d Src\i2c.o
 .debug_loc     0x0000c7f3      0x444 Src\main.o
 .debug_loc     0x0000cc37       0xe2 Src\system_stm32f3xx.o
 .debug_loc     0x0000cd19       0xda Src\tim.o
 .debug_loc     0x0000cdf3       0x7f Src\usart.o

.debug_aranges  0x00000000      0xf00
 .debug_aranges
                0x00000000       0xd8 Drivers\STM32F3xx_HAL_Driver\Src\stm32f3xx_hal.o
 .debug_aranges
                0x000000d8      0x150 Drivers\STM32F3xx_HAL_Driver\Src\stm32f3xx_hal_adc_ex.o
 .debug_aranges
                0x00000228       0x90 Drivers\STM32F3xx_HAL_Driver\Src\stm32f3xx_hal_cortex.o
 .debug_aranges
                0x000002b8       0x78 Drivers\STM32F3xx_HAL_Driver\Src\stm32f3xx_hal_dma.o
 .debug_aranges
                0x00000330       0x58 Drivers\STM32F3xx_HAL_Driver\Src\stm32f3xx_hal_gpio.o
 .debug_aranges
                0x00000388      0x200 Drivers\STM32F3xx_HAL_Driver\Src\stm32f3xx_hal_i2c.o
 .debug_aranges
                0x00000588       0x48 Drivers\STM32F3xx_HAL_Driver\Src\stm32f3xx_hal_i2c_ex.o
 .debug_aranges
                0x000005d0       0x88 Drivers\STM32F3xx_HAL_Driver\Src\stm32f3xx_hal_rcc.o
 .debug_aranges
                0x00000658       0x38 Drivers\STM32F3xx_HAL_Driver\Src\stm32f3xx_hal_rcc_ex.o
 .debug_aranges
                0x00000690      0x298 Drivers\STM32F3xx_HAL_Driver\Src\stm32f3xx_hal_tim.o
 .debug_aranges
                0x00000928      0x158 Drivers\STM32F3xx_HAL_Driver\Src\stm32f3xx_hal_tim_ex.o
 .debug_aranges
                0x00000a80      0x1a0 Drivers\STM32F3xx_HAL_Driver\Src\stm32f3xx_hal_uart.o
 .debug_aranges
                0x00000c20       0x48 Drivers\STM32F3xx_HAL_Driver\Src\stm32f3xx_hal_uart_ex.o
 .debug_aranges
                0x00000c68       0x30 Src\adc.o
 .debug_aranges
                0x00000c98       0x20 Src\dma.o
 .debug_aranges
                0x00000cb8       0x20 Src\gpio.o
 .debug_aranges
                0x00000cd8       0x30 Src\i2c.o
 .debug_aranges
                0x00000d08       0xb8 Src\main.o
 .debug_aranges
                0x00000dc0       0x20 Src\stm32f3xx_hal_msp.o
 .debug_aranges
                0x00000de0       0x50 Src\stm32f3xx_it.o
 .debug_aranges
                0x00000e30       0x28 Src\system_stm32f3xx.o
 .debug_aranges
                0x00000e58       0x48 Src\tim.o
 .debug_aranges
                0x00000ea0       0x38 Src\usart.o
 .debug_aranges
                0x00000ed8       0x28 startup\startup_stm32f334x8.o

.debug_ranges   0x00000000     0x12f0
 .debug_ranges  0x00000000       0xc8 Drivers\STM32F3xx_HAL_Driver\Src\stm32f3xx_hal.o
 .debug_ranges  0x000000c8      0x140 Drivers\STM32F3xx_HAL_Driver\Src\stm32f3xx_hal_adc_ex.o
 .debug_ranges  0x00000208       0xc8 Drivers\STM32F3xx_HAL_Driver\Src\stm32f3xx_hal_cortex.o
 .debug_ranges  0x000002d0       0xf0 Drivers\STM32F3xx_HAL_Driver\Src\stm32f3xx_hal_dma.o
 .debug_ranges  0x000003c0       0x60 Drivers\STM32F3xx_HAL_Driver\Src\stm32f3xx_hal_gpio.o
 .debug_ranges  0x00000420      0x268 Drivers\STM32F3xx_HAL_Driver\Src\stm32f3xx_hal_i2c.o
 .debug_ranges  0x00000688       0x50 Drivers\STM32F3xx_HAL_Driver\Src\stm32f3xx_hal_i2c_ex.o
 .debug_ranges  0x000006d8      0x1d0 Drivers\STM32F3xx_HAL_Driver\Src\stm32f3xx_hal_rcc.o
 .debug_ranges  0x000008a8       0x78 Drivers\STM32F3xx_HAL_Driver\Src\stm32f3xx_hal_rcc_ex.o
 .debug_ranges  0x00000920      0x380 Drivers\STM32F3xx_HAL_Driver\Src\stm32f3xx_hal_tim.o
 .debug_ranges  0x00000ca0      0x148 Drivers\STM32F3xx_HAL_Driver\Src\stm32f3xx_hal_tim_ex.o
 .debug_ranges  0x00000de8      0x190 Drivers\STM32F3xx_HAL_Driver\Src\stm32f3xx_hal_uart.o
 .debug_ranges  0x00000f78       0x38 Drivers\STM32F3xx_HAL_Driver\Src\stm32f3xx_hal_uart_ex.o
 .debug_ranges  0x00000fb0       0x48 Src\adc.o
 .debug_ranges  0x00000ff8       0x38 Src\dma.o
 .debug_ranges  0x00001030       0x58 Src\gpio.o
 .debug_ranges  0x00001088       0x20 Src\i2c.o
 .debug_ranges  0x000010a8       0xd8 Src\main.o
 .debug_ranges  0x00001180       0x40 Src\stm32f3xx_hal_msp.o
 .debug_ranges  0x000011c0       0x40 Src\stm32f3xx_it.o
 .debug_ranges  0x00001200       0x18 Src\system_stm32f3xx.o
 .debug_ranges  0x00001218       0x78 Src\tim.o
 .debug_ranges  0x00001290       0x40 Src\usart.o
 .debug_ranges  0x000012d0       0x20 startup\startup_stm32f334x8.o

.debug_line     0x00000000     0xc2f2
 .debug_line    0x00000000      0x4b1 Drivers\STM32F3xx_HAL_Driver\Src\stm32f3xx_hal.o
 .debug_line    0x000004b1     0x14b8 Drivers\STM32F3xx_HAL_Driver\Src\stm32f3xx_hal_adc_ex.o
 .debug_line    0x00001969      0x4af Drivers\STM32F3xx_HAL_Driver\Src\stm32f3xx_hal_cortex.o
 .debug_line    0x00001e18      0x65c Drivers\STM32F3xx_HAL_Driver\Src\stm32f3xx_hal_dma.o
 .debug_line    0x00002474      0x582 Drivers\STM32F3xx_HAL_Driver\Src\stm32f3xx_hal_gpio.o
 .debug_line    0x000029f6     0x16c5 Drivers\STM32F3xx_HAL_Driver\Src\stm32f3xx_hal_i2c.o
 .debug_line    0x000040bb      0x49b Drivers\STM32F3xx_HAL_Driver\Src\stm32f3xx_hal_i2c_ex.o
 .debug_line    0x00004556      0x98b Drivers\STM32F3xx_HAL_Driver\Src\stm32f3xx_hal_rcc.o
 .debug_line    0x00004ee1      0x51b Drivers\STM32F3xx_HAL_Driver\Src\stm32f3xx_hal_rcc_ex.o
 .debug_line    0x000053fc     0x268f Drivers\STM32F3xx_HAL_Driver\Src\stm32f3xx_hal_tim.o
 .debug_line    0x00007a8b     0x108c Drivers\STM32F3xx_HAL_Driver\Src\stm32f3xx_hal_tim_ex.o
 .debug_line    0x00008b17      0xe60 Drivers\STM32F3xx_HAL_Driver\Src\stm32f3xx_hal_uart.o
 .debug_line    0x00009977      0x467 Drivers\STM32F3xx_HAL_Driver\Src\stm32f3xx_hal_uart_ex.o
 .debug_line    0x00009dde      0x384 Src\adc.o
 .debug_line    0x0000a162      0x28e Src\dma.o
 .debug_line    0x0000a3f0      0x2ca Src\gpio.o
 .debug_line    0x0000a6ba      0x348 Src\i2c.o
 .debug_line    0x0000aa02      0x851 Src\main.o
 .debug_line    0x0000b253      0x2a1 Src\stm32f3xx_hal_msp.o
 .debug_line    0x0000b4f4      0x36b Src\stm32f3xx_it.o
 .debug_line    0x0000b85f      0x2b7 Src\system_stm32f3xx.o
 .debug_line    0x0000bb16      0x3dc Src\tim.o
 .debug_line    0x0000bef2      0x381 Src\usart.o
 .debug_line    0x0000c273       0x7f startup\startup_stm32f334x8.o

.debug_str      0x00000000     0x5439
 .debug_str     0x00000000      0xcb7 Drivers\STM32F3xx_HAL_Driver\Src\stm32f3xx_hal.o
                                0xd63 (size before relaxing)
 .debug_str     0x00000cb7      0xc08 Drivers\STM32F3xx_HAL_Driver\Src\stm32f3xx_hal_adc_ex.o
                               0x13ea (size before relaxing)
 .debug_str     0x000018bf      0x2af Drivers\STM32F3xx_HAL_Driver\Src\stm32f3xx_hal_cortex.o
                                0xe54 (size before relaxing)
 .debug_str     0x00001b6e      0x229 Drivers\STM32F3xx_HAL_Driver\Src\stm32f3xx_hal_dma.o
                                0xb49 (size before relaxing)
 .debug_str     0x00001d97      0x210 Drivers\STM32F3xx_HAL_Driver\Src\stm32f3xx_hal_gpio.o
                                0x9d4 (size before relaxing)
 .debug_str     0x00001fa7      0xa2a Drivers\STM32F3xx_HAL_Driver\Src\stm32f3xx_hal_i2c.o
                               0x1396 (size before relaxing)
 .debug_str     0x000029d1       0xf3 Drivers\STM32F3xx_HAL_Driver\Src\stm32f3xx_hal_i2c_ex.o
                                0xd80 (size before relaxing)
 .debug_str     0x00002ac4      0x2fb Drivers\STM32F3xx_HAL_Driver\Src\stm32f3xx_hal_rcc.o
                                0xb41 (size before relaxing)
 .debug_str     0x00002dbf      0x194 Drivers\STM32F3xx_HAL_Driver\Src\stm32f3xx_hal_rcc_ex.o
                                0x993 (size before relaxing)
 .debug_str     0x00002f53      0xf60 Drivers\STM32F3xx_HAL_Driver\Src\stm32f3xx_hal_tim.o
                               0x18de (size before relaxing)
 .debug_str     0x00003eb3      0x5a3 Drivers\STM32F3xx_HAL_Driver\Src\stm32f3xx_hal_tim_ex.o
                               0x1319 (size before relaxing)
 .debug_str     0x00004456      0x909 Drivers\STM32F3xx_HAL_Driver\Src\stm32f3xx_hal_uart.o
                               0x1356 (size before relaxing)
 .debug_str     0x00004d5f       0xed Drivers\STM32F3xx_HAL_Driver\Src\stm32f3xx_hal_uart_ex.o
                                0xd5a (size before relaxing)
 .debug_str     0x00004e4c       0x53 Src\adc.o
                                0xd40 (size before relaxing)
 .debug_str     0x00004e9f       0x19 Src\dma.o
                                0xa9c (size before relaxing)
 .debug_str     0x00004eb8       0x1b Src\gpio.o
                                0x7d7 (size before relaxing)
 .debug_str     0x00004ed3       0x2a Src\i2c.o
                                0xce6 (size before relaxing)
 .debug_str     0x00004efd      0x3d5 Src\main.o
                               0x1d26 (size before relaxing)
 .debug_str     0x000052d2       0x1b Src\stm32f3xx_hal_msp.o
                                0xab4 (size before relaxing)
 .debug_str     0x000052ed       0x9e Src\stm32f3xx_it.o
                                0xe2d (size before relaxing)
 .debug_str     0x0000538b       0x50 Src\system_stm32f3xx.o
                                0x7b0 (size before relaxing)
 .debug_str     0x000053db       0x44 Src\tim.o
                               0x1157 (size before relaxing)
 .debug_str     0x0000541f       0x1a Src\usart.o
                               0x1040 (size before relaxing)

.comment        0x00000000       0x7c
 .comment       0x00000000       0x7c Drivers\STM32F3xx_HAL_Driver\Src\stm32f3xx_hal.o
                                 0x7d (size before relaxing)
 .comment       0x0000007c       0x7d Drivers\STM32F3xx_HAL_Driver\Src\stm32f3xx_hal_adc_ex.o
 .comment       0x0000007c       0x7d Drivers\STM32F3xx_HAL_Driver\Src\stm32f3xx_hal_cortex.o
 .comment       0x0000007c       0x7d Drivers\STM32F3xx_HAL_Driver\Src\stm32f3xx_hal_dma.o
 .comment       0x0000007c       0x7d Drivers\STM32F3xx_HAL_Driver\Src\stm32f3xx_hal_gpio.o
 .comment       0x0000007c       0x7d Drivers\STM32F3xx_HAL_Driver\Src\stm32f3xx_hal_i2c.o
 .comment       0x0000007c       0x7d Drivers\STM32F3xx_HAL_Driver\Src\stm32f3xx_hal_i2c_ex.o
 .comment       0x0000007c       0x7d Drivers\STM32F3xx_HAL_Driver\Src\stm32f3xx_hal_rcc.o
 .comment       0x0000007c       0x7d Drivers\STM32F3xx_HAL_Driver\Src\stm32f3xx_hal_rcc_ex.o
 .comment       0x0000007c       0x7d Drivers\STM32F3xx_HAL_Driver\Src\stm32f3xx_hal_tim.o
 .comment       0x0000007c       0x7d Drivers\STM32F3xx_HAL_Driver\Src\stm32f3xx_hal_tim_ex.o
 .comment       0x0000007c       0x7d Drivers\STM32F3xx_HAL_Driver\Src\stm32f3xx_hal_uart.o
 .comment       0x0000007c       0x7d Drivers\STM32F3xx_HAL_Driver\Src\stm32f3xx_hal_uart_ex.o
 .comment       0x0000007c       0x7d Src\adc.o
 .comment       0x0000007c       0x7d Src\dma.o
 .comment       0x0000007c       0x7d Src\gpio.o
 .comment       0x0000007c       0x7d Src\i2c.o
 .comment       0x0000007c       0x7d Src\main.o
 .comment       0x0000007c       0x7d Src\stm32f3xx_hal_msp.o
 .comment       0x0000007c       0x7d Src\stm32f3xx_it.o
 .comment       0x0000007c       0x7d Src\system_stm32f3xx.o
 .comment       0x0000007c       0x7d Src\tim.o
 .comment       0x0000007c       0x7d Src\usart.o

.debug_frame    0x00000000     0x3a24
 .debug_frame   0x00000000      0x1d0 Drivers\STM32F3xx_HAL_Driver\Src\stm32f3xx_hal.o
 .debug_frame   0x000001d0      0x4a0 Drivers\STM32F3xx_HAL_Driver\Src\stm32f3xx_hal_adc_ex.o
 .debug_frame   0x00000670      0x144 Drivers\STM32F3xx_HAL_Driver\Src\stm32f3xx_hal_cortex.o
 .debug_frame   0x000007b4      0x13c Drivers\STM32F3xx_HAL_Driver\Src\stm32f3xx_hal_dma.o
 .debug_frame   0x000008f0      0x100 Drivers\STM32F3xx_HAL_Driver\Src\stm32f3xx_hal_gpio.o
 .debug_frame   0x000009f0      0x818 Drivers\STM32F3xx_HAL_Driver\Src\stm32f3xx_hal_i2c.o
 .debug_frame   0x00001208       0xb0 Drivers\STM32F3xx_HAL_Driver\Src\stm32f3xx_hal_i2c_ex.o
 .debug_frame   0x000012b8      0x160 Drivers\STM32F3xx_HAL_Driver\Src\stm32f3xx_hal_rcc.o
 .debug_frame   0x00001418       0xa8 Drivers\STM32F3xx_HAL_Driver\Src\stm32f3xx_hal_rcc_ex.o
 .debug_frame   0x000014c0      0xa14 Drivers\STM32F3xx_HAL_Driver\Src\stm32f3xx_hal_tim.o
 .debug_frame   0x00001ed4      0x49c Drivers\STM32F3xx_HAL_Driver\Src\stm32f3xx_hal_tim_ex.o
 .debug_frame   0x00002370      0x574 Drivers\STM32F3xx_HAL_Driver\Src\stm32f3xx_hal_uart.o
 .debug_frame   0x000028e4       0xc8 Drivers\STM32F3xx_HAL_Driver\Src\stm32f3xx_hal_uart_ex.o
 .debug_frame   0x000029ac       0x74 Src\adc.o
 .debug_frame   0x00002a20       0x28 Src\dma.o
 .debug_frame   0x00002a48       0x38 Src\gpio.o
 .debug_frame   0x00002a80       0x74 Src\i2c.o
 .debug_frame   0x00002af4      0x264 Src\main.o
 .debug_frame   0x00002d58       0x2c Src\stm32f3xx_hal_msp.o
 .debug_frame   0x00002d84       0x8c Src\stm32f3xx_it.o
 .debug_frame   0x00002e10       0x38 Src\system_stm32f3xx.o
 .debug_frame   0x00002e48       0xa8 Src\tim.o
 .debug_frame   0x00002ef0       0x98 Src\usart.o
 .debug_frame   0x00002f88       0x2c c:/program files (x86)/atollic/truestudio for stm32 9.0.1/armtools/bin/../lib/gcc/arm-atollic-eabi/6.3.1/../../../../arm-atollic-eabi/lib/armv7e-m/fpu\libc_nano.a(lib_a-init.o)
 .debug_frame   0x00002fb4       0x20 c:/program files (x86)/atollic/truestudio for stm32 9.0.1/armtools/bin/../lib/gcc/arm-atollic-eabi/6.3.1/../../../../arm-atollic-eabi/lib/armv7e-m/fpu\libc_nano.a(lib_a-memset.o)
 .debug_frame   0x00002fd4       0x8c c:/program files (x86)/atollic/truestudio for stm32 9.0.1/armtools/bin/../lib/gcc/arm-atollic-eabi/6.3.1/../../../../arm-atollic-eabi/lib/armv7e-m/fpu\libc_nano.a(lib_a-nano-vfprintf_float.o)
 .debug_frame   0x00003060       0x60 c:/program files (x86)/atollic/truestudio for stm32 9.0.1/armtools/bin/../lib/gcc/arm-atollic-eabi/6.3.1/../../../../arm-atollic-eabi/lib/armv7e-m/fpu\libc_nano.a(lib_a-nano-vfprintf_i.o)
 .debug_frame   0x000030c0       0x6c c:/program files (x86)/atollic/truestudio for stm32 9.0.1/armtools/bin/../lib/gcc/arm-atollic-eabi/6.3.1/../../../../arm-atollic-eabi/lib/armv7e-m/fpu\libc_nano.a(lib_a-dtoa.o)
 .debug_frame   0x0000312c       0x40 c:/program files (x86)/atollic/truestudio for stm32 9.0.1/armtools/bin/../lib/gcc/arm-atollic-eabi/6.3.1/../../../../arm-atollic-eabi/lib/armv7e-m/fpu\libc_nano.a(lib_a-localeconv.o)
 .debug_frame   0x0000316c       0x30 c:/program files (x86)/atollic/truestudio for stm32 9.0.1/armtools/bin/../lib/gcc/arm-atollic-eabi/6.3.1/../../../../arm-atollic-eabi/lib/armv7e-m/fpu\libc_nano.a(lib_a-malloc.o)
 .debug_frame   0x0000319c       0x28 c:/program files (x86)/atollic/truestudio for stm32 9.0.1/armtools/bin/../lib/gcc/arm-atollic-eabi/6.3.1/../../../../arm-atollic-eabi/lib/armv7e-m/fpu\libc_nano.a(lib_a-memcpy-stub.o)
 .debug_frame   0x000031c4      0x240 c:/program files (x86)/atollic/truestudio for stm32 9.0.1/armtools/bin/../lib/gcc/arm-atollic-eabi/6.3.1/../../../../arm-atollic-eabi/lib/armv7e-m/fpu\libc_nano.a(lib_a-mprec.o)
 .debug_frame   0x00003404       0x2c c:/program files (x86)/atollic/truestudio for stm32 9.0.1/armtools/bin/../lib/gcc/arm-atollic-eabi/6.3.1/../../../../arm-atollic-eabi/lib/armv7e-m/fpu\libc_nano.a(lib_a-nano-callocr.o)
 .debug_frame   0x00003430       0x2c c:/program files (x86)/atollic/truestudio for stm32 9.0.1/armtools/bin/../lib/gcc/arm-atollic-eabi/6.3.1/../../../../arm-atollic-eabi/lib/armv7e-m/fpu\libc_nano.a(lib_a-nano-mallocr.o)
 .debug_frame   0x0000345c       0x2c c:/program files (x86)/atollic/truestudio for stm32 9.0.1/armtools/bin/../lib/gcc/arm-atollic-eabi/6.3.1/../../../../arm-atollic-eabi/lib/armv7e-m/fpu\libc_nano.a(lib_a-sbrkr.o)
 .debug_frame   0x00003488       0x68 c:/program files (x86)/atollic/truestudio for stm32 9.0.1/armtools/bin/../lib/gcc/arm-atollic-eabi/6.3.1/../../../../arm-atollic-eabi/lib/armv7e-m/fpu\libc_nano.a(lib_a-locale.o)
 .debug_frame   0x000034f0       0x48 c:/program files (x86)/atollic/truestudio for stm32 9.0.1/armtools/bin/../lib/gcc/arm-atollic-eabi/6.3.1/../../../../arm-atollic-eabi/lib/armv7e-m/fpu\libc_nano.a(lib_a-mbtowc_r.o)
 .debug_frame   0x00003538       0x30 c:/program files (x86)/atollic/truestudio for stm32 9.0.1/armtools/bin/../lib/gcc/arm-atollic-eabi/6.3.1/../../../../arm-atollic-eabi/lib/armv7e-m/fpu\libc_nano.a(lib_a-mlock.o)
 .debug_frame   0x00003568       0x5c c:/program files (x86)/atollic/truestudio for stm32 9.0.1/armtools/bin/../lib/gcc/arm-atollic-eabi/6.3.1/../../../../arm-atollic-eabi/lib/armv7e-m/fpu\libc_nano.a(lib_a-reent.o)
 .debug_frame   0x000035c4       0x3c c:/program files (x86)/atollic/truestudio for stm32 9.0.1/armtools/bin/../lib/gcc/arm-atollic-eabi/6.3.1/../../../../arm-atollic-eabi/lib/armv7e-m/fpu\libc_nano.a(lib_a-wctomb_r.o)
 .debug_frame   0x00003600       0x20 c:/program files (x86)/atollic/truestudio for stm32 9.0.1/armtools/bin/../lib/gcc/arm-atollic-eabi/6.3.1/../../../../arm-atollic-eabi/lib/armv7e-m/fpu\libm.a(lib_a-w_atan2.o)
 .debug_frame   0x00003620       0x4c c:/program files (x86)/atollic/truestudio for stm32 9.0.1/armtools/bin/../lib/gcc/arm-atollic-eabi/6.3.1/../../../../arm-atollic-eabi/lib/armv7e-m/fpu\libm.a(lib_a-w_sqrt.o)
 .debug_frame   0x0000366c       0x44 c:/program files (x86)/atollic/truestudio for stm32 9.0.1/armtools/bin/../lib/gcc/arm-atollic-eabi/6.3.1/../../../../arm-atollic-eabi/lib/armv7e-m/fpu\libm.a(lib_a-e_atan2.o)
 .debug_frame   0x000036b0       0x30 c:/program files (x86)/atollic/truestudio for stm32 9.0.1/armtools/bin/../lib/gcc/arm-atollic-eabi/6.3.1/../../../../arm-atollic-eabi/lib/armv7e-m/fpu\libm.a(lib_a-e_sqrt.o)