my_uart_lib.h:29:6:uart_init	8	static
my_uart_lib.h:36:6:tx_send	16	static
my_uart_lib.h:42:6:tx	8	static
my_uart_lib.h:50:6:tx_by_flag	12	static
my_uart_lib.h:60:5:_write	8	static
my_uart_lib.h:67:6:HAL_UART_RxCpltCallback	16	static
main.c:106:6:Write_reg	24	static
main.c:112:6:MPU_6050_init	8	static
main.c:123:6:HMC5883L_init	8	static
main.c:154:6:MS5611_init	56	static
main.c:182:11:Read_reg_8	32	static
main.c:192:6:Read_MPU6050_Data	80	static
main.c:221:6:Read_HMC5883L_Data	56	static
main.c:247:6:Read_MS5611_Data	24	static
main.c:282:6:Calc_TP	56	static
main.c:313:6:HAL_TIM_PeriodElapsedCallback	0	static
main.c:512:6:SystemClock_Config	96	static
main.c:329:5:main	144	static
main.c:591:6:_Error_Handler	0	static
main.c:609:6:assert_failed	0	static
